Archive member included to satisfy reference by file (symbol)

/home/evan/Ac6/SystemWorkbench/plugins/fr.ac6.mcu.externaltools.arm-none.linux64_1.17.0.201812190825/tools/compiler/bin/../lib/gcc/arm-none-eabi/7.3.1/../../../../arm-none-eabi/lib/thumb/v7e-m/fpv4-sp/hard/libc_nano.a(lib_a-errno.o)
                              Src/syscalls.o (__errno)
/home/evan/Ac6/SystemWorkbench/plugins/fr.ac6.mcu.externaltools.arm-none.linux64_1.17.0.201812190825/tools/compiler/bin/../lib/gcc/arm-none-eabi/7.3.1/../../../../arm-none-eabi/lib/thumb/v7e-m/fpv4-sp/hard/libc_nano.a(lib_a-exit.o)
                              /home/evan/Ac6/SystemWorkbench/plugins/fr.ac6.mcu.externaltools.arm-none.linux64_1.17.0.201812190825/tools/compiler/bin/../lib/gcc/arm-none-eabi/7.3.1/../../../../arm-none-eabi/lib/thumb/v7e-m/fpv4-sp/hard/crt0.o (exit)
/home/evan/Ac6/SystemWorkbench/plugins/fr.ac6.mcu.externaltools.arm-none.linux64_1.17.0.201812190825/tools/compiler/bin/../lib/gcc/arm-none-eabi/7.3.1/../../../../arm-none-eabi/lib/thumb/v7e-m/fpv4-sp/hard/libc_nano.a(lib_a-impure.o)
                              /home/evan/Ac6/SystemWorkbench/plugins/fr.ac6.mcu.externaltools.arm-none.linux64_1.17.0.201812190825/tools/compiler/bin/../lib/gcc/arm-none-eabi/7.3.1/../../../../arm-none-eabi/lib/thumb/v7e-m/fpv4-sp/hard/libc_nano.a(lib_a-exit.o) (_global_impure_ptr)
/home/evan/Ac6/SystemWorkbench/plugins/fr.ac6.mcu.externaltools.arm-none.linux64_1.17.0.201812190825/tools/compiler/bin/../lib/gcc/arm-none-eabi/7.3.1/../../../../arm-none-eabi/lib/thumb/v7e-m/fpv4-sp/hard/libc_nano.a(lib_a-init.o)
                              /home/evan/Ac6/SystemWorkbench/plugins/fr.ac6.mcu.externaltools.arm-none.linux64_1.17.0.201812190825/tools/compiler/bin/../lib/gcc/arm-none-eabi/7.3.1/../../../../arm-none-eabi/lib/thumb/v7e-m/fpv4-sp/hard/crt0.o (__libc_init_array)
/home/evan/Ac6/SystemWorkbench/plugins/fr.ac6.mcu.externaltools.arm-none.linux64_1.17.0.201812190825/tools/compiler/bin/../lib/gcc/arm-none-eabi/7.3.1/../../../../arm-none-eabi/lib/thumb/v7e-m/fpv4-sp/hard/libc_nano.a(lib_a-memcpy-stub.o)
                              Middlewares/Third_Party/FreeRTOS/Source/CMSIS_RTOS_V2/cmsis_os2.o (memcpy)
/home/evan/Ac6/SystemWorkbench/plugins/fr.ac6.mcu.externaltools.arm-none.linux64_1.17.0.201812190825/tools/compiler/bin/../lib/gcc/arm-none-eabi/7.3.1/../../../../arm-none-eabi/lib/thumb/v7e-m/fpv4-sp/hard/libc_nano.a(lib_a-memset.o)
                              /home/evan/Ac6/SystemWorkbench/plugins/fr.ac6.mcu.externaltools.arm-none.linux64_1.17.0.201812190825/tools/compiler/bin/../lib/gcc/arm-none-eabi/7.3.1/../../../../arm-none-eabi/lib/thumb/v7e-m/fpv4-sp/hard/crt0.o (memset)

Allocating common symbols
Common symbol       size              file

uwTick              0x4               Drivers/STM32G4xx_HAL_Driver/Src/stm32g4xx_hal.o
xQueueRegistry      0x40              Middlewares/Third_Party/FreeRTOS/Source/queue.o
hadc1               0x6c              Src/main.o
htim6               0x4c              Src/stm32g4xx_hal_timebase_tim.o
blink01Handle       0x4               Src/main.o
blink02Handle       0x4               Src/main.o

Discarded input sections

 .text          0x0000000000000000        0x0 /home/evan/Ac6/SystemWorkbench/plugins/fr.ac6.mcu.externaltools.arm-none.linux64_1.17.0.201812190825/tools/compiler/bin/../lib/gcc/arm-none-eabi/7.3.1/thumb/v7e-m/fpv4-sp/hard/crti.o
 .data          0x0000000000000000        0x0 /home/evan/Ac6/SystemWorkbench/plugins/fr.ac6.mcu.externaltools.arm-none.linux64_1.17.0.201812190825/tools/compiler/bin/../lib/gcc/arm-none-eabi/7.3.1/thumb/v7e-m/fpv4-sp/hard/crti.o
 .bss           0x0000000000000000        0x0 /home/evan/Ac6/SystemWorkbench/plugins/fr.ac6.mcu.externaltools.arm-none.linux64_1.17.0.201812190825/tools/compiler/bin/../lib/gcc/arm-none-eabi/7.3.1/thumb/v7e-m/fpv4-sp/hard/crti.o
 .data          0x0000000000000000        0x4 /home/evan/Ac6/SystemWorkbench/plugins/fr.ac6.mcu.externaltools.arm-none.linux64_1.17.0.201812190825/tools/compiler/bin/../lib/gcc/arm-none-eabi/7.3.1/thumb/v7e-m/fpv4-sp/hard/crtbegin.o
 .text          0x0000000000000000       0x74 /home/evan/Ac6/SystemWorkbench/plugins/fr.ac6.mcu.externaltools.arm-none.linux64_1.17.0.201812190825/tools/compiler/bin/../lib/gcc/arm-none-eabi/7.3.1/../../../../arm-none-eabi/lib/thumb/v7e-m/fpv4-sp/hard/crt0.o
 .data          0x0000000000000000        0x0 /home/evan/Ac6/SystemWorkbench/plugins/fr.ac6.mcu.externaltools.arm-none.linux64_1.17.0.201812190825/tools/compiler/bin/../lib/gcc/arm-none-eabi/7.3.1/../../../../arm-none-eabi/lib/thumb/v7e-m/fpv4-sp/hard/crt0.o
 .bss           0x0000000000000000        0x0 /home/evan/Ac6/SystemWorkbench/plugins/fr.ac6.mcu.externaltools.arm-none.linux64_1.17.0.201812190825/tools/compiler/bin/../lib/gcc/arm-none-eabi/7.3.1/../../../../arm-none-eabi/lib/thumb/v7e-m/fpv4-sp/hard/crt0.o
[...]
Memory Configuration

Name             Origin             Length             Attributes
RAM              0x0000000020000000 0x0000000000008000 xrw
FLASH            0x0000000008000000 0x0000000000020000 xr
*default*        0x0000000000000000 0xffffffffffffffff

Linker script and memory map

LOAD /home/evan/Ac6/SystemWorkbench/plugins/fr.ac6.mcu.externaltools.arm-none.linux64_1.17.0.201812190825/tools/compiler/bin/../lib/gcc/arm-none-eabi/7.3.1/thumb/v7e-m/fpv4-sp/hard/crti.o
LOAD /home/evan/Ac6/SystemWorkbench/plugins/fr.ac6.mcu.externaltools.arm-none.linux64_1.17.0.201812190825/tools/compiler/bin/../lib/gcc/arm-none-eabi/7.3.1/thumb/v7e-m/fpv4-sp/hard/crtbegin.o
LOAD /home/evan/Ac6/SystemWorkbench/plugins/fr.ac6.mcu.externaltools.arm-none.linux64_1.17.0.201812190825/tools/compiler/bin/../lib/gcc/arm-none-eabi/7.3.1/../../../../arm-none-eabi/lib/thumb/v7e-m/fpv4-sp/hard/crt0.o
LOAD Drivers/STM32G4xx_HAL_Driver/Src/stm32g4xx_hal.o
LOAD Drivers/STM32G4xx_HAL_Driver/Src/stm32g4xx_hal_adc.o
LOAD Drivers/STM32G4xx_HAL_Driver/Src/stm32g4xx_hal_adc_ex.o
LOAD Drivers/STM32G4xx_HAL_Driver/Src/stm32g4xx_hal_cortex.o
LOAD Drivers/STM32G4xx_HAL_Driver/Src/stm32g4xx_hal_dma.o
LOAD Drivers/STM32G4xx_HAL_Driver/Src/stm32g4xx_hal_dma_ex.o
LOAD Drivers/STM32G4xx_HAL_Driver/Src/stm32g4xx_hal_exti.o
LOAD Drivers/STM32G4xx_HAL_Driver/Src/stm32g4xx_hal_flash.o
LOAD Drivers/STM32G4xx_HAL_Driver/Src/stm32g4xx_hal_flash_ex.o
LOAD Drivers/STM32G4xx_HAL_Driver/Src/stm32g4xx_hal_flash_ramfunc.o
LOAD Drivers/STM32G4xx_HAL_Driver/Src/stm32g4xx_hal_gpio.o
LOAD Drivers/STM32G4xx_HAL_Driver/Src/stm32g4xx_hal_pwr.o
LOAD Drivers/STM32G4xx_HAL_Driver/Src/stm32g4xx_hal_pwr_ex.o
LOAD Drivers/STM32G4xx_HAL_Driver/Src/stm32g4xx_hal_rcc.o
LOAD Drivers/STM32G4xx_HAL_Driver/Src/stm32g4xx_hal_rcc_ex.o
LOAD Drivers/STM32G4xx_HAL_Driver/Src/stm32g4xx_hal_tim.o
LOAD Drivers/STM32G4xx_HAL_Driver/Src/stm32g4xx_hal_tim_ex.o
LOAD Drivers/STM32G4xx_HAL_Driver/Src/stm32g4xx_ll_adc.o
LOAD Drivers/STM32G4xx_HAL_Driver/Src/stm32g4xx_ll_pwr.o
LOAD Middlewares/Third_Party/FreeRTOS/Source/CMSIS_RTOS_V2/cmsis_os2.o
LOAD Middlewares/Third_Party/FreeRTOS/Source/croutine.o
LOAD Middlewares/Third_Party/FreeRTOS/Source/event_groups.o
LOAD Middlewares/Third_Party/FreeRTOS/Source/list.o
LOAD Middlewares/Third_Party/FreeRTOS/Source/queue.o
LOAD Middlewares/Third_Party/FreeRTOS/Source/stream_buffer.o
LOAD Middlewares/Third_Party/FreeRTOS/Source/tasks.o
LOAD Middlewares/Third_Party/FreeRTOS/Source/timers.o
LOAD Middlewares/Third_Party/FreeRTOS/Source/portable/GCC/ARM_CM4F/port.o
LOAD Middlewares/Third_Party/FreeRTOS/Source/portable/MemMang/heap_4.o
LOAD Src/SEVEN_SEGMENTS.o
LOAD Src/SEVEN_SEGMENTS_cfg.o
LOAD Src/app_freertos.o
LOAD Src/main.o
LOAD Src/stm32g4xx_hal_msp.o
LOAD Src/stm32g4xx_hal_timebase_tim.o
LOAD Src/stm32g4xx_it.o
LOAD Src/syscalls.o
LOAD Src/system_stm32g4xx.o
LOAD startup/startup_stm32g431xx.o
LOAD /home/evan/Ac6/SystemWorkbench/plugins/fr.ac6.mcu.externaltools.arm-none.linux64_1.17.0.201812190825/tools/compiler/bin/../lib/gcc/arm-none-eabi/7.3.1/../../../../arm-none-eabi/lib/thumb/v7e-m/fpv4-sp/hard/libm.a
START GROUP
LOAD /home/evan/Ac6/SystemWorkbench/plugins/fr.ac6.mcu.externaltools.arm-none.linux64_1.17.0.201812190825/tools/compiler/bin/../lib/gcc/arm-none-eabi/7.3.1/thumb/v7e-m/fpv4-sp/hard/libgcc.a
LOAD /home/evan/Ac6/SystemWorkbench/plugins/fr.ac6.mcu.externaltools.arm-none.linux64_1.17.0.201812190825/tools/compiler/bin/../lib/gcc/arm-none-eabi/7.3.1/../../../../arm-none-eabi/lib/thumb/v7e-m/fpv4-sp/hard/libc_nano.a
END GROUP
START GROUP
LOAD /home/evan/Ac6/SystemWorkbench/plugins/fr.ac6.mcu.externaltools.arm-none.linux64_1.17.0.201812190825/tools/compiler/bin/../lib/gcc/arm-none-eabi/7.3.1/thumb/v7e-m/fpv4-sp/hard/libgcc.a
LOAD /home/evan/Ac6/SystemWorkbench/plugins/fr.ac6.mcu.externaltools.arm-none.linux64_1.17.0.201812190825/tools/compiler/bin/../lib/gcc/arm-none-eabi/7.3.1/../../../../arm-none-eabi/lib/thumb/v7e-m/fpv4-sp/hard/libc_nano.a
LOAD /home/evan/Ac6/SystemWorkbench/plugins/fr.ac6.mcu.externaltools.arm-none.linux64_1.17.0.201812190825/tools/compiler/bin/../lib/gcc/arm-none-eabi/7.3.1/../../../../arm-none-eabi/lib/thumb/v7e-m/fpv4-sp/hard/libnosys.a
END GROUP
START GROUP
LOAD /home/evan/Ac6/SystemWorkbench/plugins/fr.ac6.mcu.externaltools.arm-none.linux64_1.17.0.201812190825/tools/compiler/bin/../lib/gcc/arm-none-eabi/7.3.1/thumb/v7e-m/fpv4-sp/hard/libgcc.a
LOAD /home/evan/Ac6/SystemWorkbench/plugins/fr.ac6.mcu.externaltools.arm-none.linux64_1.17.0.201812190825/tools/compiler/bin/../lib/gcc/arm-none-eabi/7.3.1/../../../../arm-none-eabi/lib/thumb/v7e-m/fpv4-sp/hard/libc_nano.a
LOAD /home/evan/Ac6/SystemWorkbench/plugins/fr.ac6.mcu.externaltools.arm-none.linux64_1.17.0.201812190825/tools/compiler/bin/../lib/gcc/arm-none-eabi/7.3.1/../../../../arm-none-eabi/lib/thumb/v7e-m/fpv4-sp/hard/libnosys.a
END GROUP
LOAD /home/evan/Ac6/SystemWorkbench/plugins/fr.ac6.mcu.externaltools.arm-none.linux64_1.17.0.201812190825/tools/compiler/bin/../lib/gcc/arm-none-eabi/7.3.1/thumb/v7e-m/fpv4-sp/hard/crtend.o
LOAD /home/evan/Ac6/SystemWorkbench/plugins/fr.ac6.mcu.externaltools.arm-none.linux64_1.17.0.201812190825/tools/compiler/bin/../lib/gcc/arm-none-eabi/7.3.1/thumb/v7e-m/fpv4-sp/hard/crtn.o
                0x0000000020008000                _estack = 0x20008000
                0x0000000000000200                _Min_Heap_Size = 0x200
                0x0000000000000400                _Min_Stack_Size = 0x400

.isr_vector     0x0000000008000000      0x1d8
                0x0000000008000000                . = ALIGN (0x4)
 *(.isr_vector)
 .isr_vector    0x0000000008000000      0x1d8 startup/startup_stm32g431xx.o
                0x0000000008000000                g_pfnVectors
                0x00000000080001d8                . = ALIGN (0x4)

.text           0x00000000080001e0     0x42a0
                0x00000000080001e0                . = ALIGN (0x4)
 *(.text)
 .text          0x00000000080001e0       0x40 /home/evan/Ac6/SystemWorkbench/plugins/fr.ac6.mcu.externaltools.arm-none.linux64_1.17.0.201812190825/tools/compiler/bin/../lib/gcc/arm-none-eabi/7.3.1/thumb/v7e-m/fpv4-sp/hard/crtbegin.o
 *(.text*)
 .text.HAL_Init
                0x0000000008000220       0x1e Drivers/STM32G4xx_HAL_Driver/Src/stm32g4xx_hal.o
                0x0000000008000220                HAL_Init
 *fill*         0x000000000800023e        0x2 
 .text.HAL_IncTick
                0x0000000008000240       0x18 Drivers/STM32G4xx_HAL_Driver/Src/stm32g4xx_hal.o
                0x0000000008000240                HAL_IncTick
 .text.HAL_GetTick
                0x0000000008000258        0xc Drivers/STM32G4xx_HAL_Driver/Src/stm32g4xx_hal.o
                0x0000000008000258                HAL_GetTick
 .text.HAL_ADC_Init
                0x0000000008000264      0x254 Drivers/STM32G4xx_HAL_Driver/Src/stm32g4xx_hal_adc.o
                0x0000000008000264                HAL_ADC_Init
 .text.HAL_ADC_PollForConversion
                0x00000000080004b8      0x10c Drivers/STM32G4xx_HAL_Driver/Src/stm32g4xx_hal_adc.o
                0x00000000080004b8                HAL_ADC_PollForConversion
 .text.HAL_ADC_GetValue
                0x00000000080005c4        0x6 Drivers/STM32G4xx_HAL_Driver/Src/stm32g4xx_hal_adc.o
                0x00000000080005c4                HAL_ADC_GetValue
 *fill*         0x00000000080005ca        0x2 
 .text.HAL_ADC_ConfigChannel
                0x00000000080005cc      0x494 Drivers/STM32G4xx_HAL_Driver/Src/stm32g4xx_hal_adc.o
                0x00000000080005cc                HAL_ADC_ConfigChannel
 .text.ADC_Enable
                0x0000000008000a60       0x90 Drivers/STM32G4xx_HAL_Driver/Src/stm32g4xx_hal_adc.o
                0x0000000008000a60                ADC_Enable
 .text.HAL_ADC_Start
                0x0000000008000af0       0xf8 Drivers/STM32G4xx_HAL_Driver/Src/stm32g4xx_hal_adc.o
                0x0000000008000af0                HAL_ADC_Start
 .text.HAL_ADCEx_MultiModeConfigChannel
                0x0000000008000be8      0x120 Drivers/STM32G4xx_HAL_Driver/Src/stm32g4xx_hal_adc_ex.o
                0x0000000008000be8                HAL_ADCEx_MultiModeConfigChannel
 .text.HAL_NVIC_SetPriorityGrouping
                0x0000000008000d08       0x24 Drivers/STM32G4xx_HAL_Driver/Src/stm32g4xx_hal_cortex.o
                0x0000000008000d08                HAL_NVIC_SetPriorityGrouping
 .text.HAL_NVIC_SetPriority
                0x0000000008000d2c       0x68 Drivers/STM32G4xx_HAL_Driver/Src/stm32g4xx_hal_cortex.o
                0x0000000008000d2c                HAL_NVIC_SetPriority
 .text.HAL_NVIC_EnableIRQ
                0x0000000008000d94       0x1c Drivers/STM32G4xx_HAL_Driver/Src/stm32g4xx_hal_cortex.o
                0x0000000008000d94                HAL_NVIC_EnableIRQ
 .text.HAL_GPIO_Init
                0x0000000008000db0      0x1a0 Drivers/STM32G4xx_HAL_Driver/Src/stm32g4xx_hal_gpio.o
                0x0000000008000db0                HAL_GPIO_Init
 .text.HAL_GPIO_ReadPin
                0x0000000008000f50        0xe Drivers/STM32G4xx_HAL_Driver/Src/stm32g4xx_hal_gpio.o
                0x0000000008000f50                HAL_GPIO_ReadPin
 .text.HAL_GPIO_WritePin
                0x0000000008000f5e        0xa Drivers/STM32G4xx_HAL_Driver/Src/stm32g4xx_hal_gpio.o
                0x0000000008000f5e                HAL_GPIO_WritePin
 .text.HAL_PWREx_ControlVoltageScaling
                0x0000000008000f68      0x10c Drivers/STM32G4xx_HAL_Driver/Src/stm32g4xx_hal_pwr_ex.o
                0x0000000008000f68                HAL_PWREx_ControlVoltageScaling
 .text.RCC_GetSysClockFreqFromPLLSource
                0x0000000008001074       0x58 Drivers/STM32G4xx_HAL_Driver/Src/stm32g4xx_hal_rcc.o
 .text.HAL_RCC_OscConfig
                0x00000000080010cc      0x4e8 Drivers/STM32G4xx_HAL_Driver/Src/stm32g4xx_hal_rcc.o
                0x00000000080010cc                HAL_RCC_OscConfig
 .text.HAL_RCC_GetSysClockFreq
                0x00000000080015b4       0x88 Drivers/STM32G4xx_HAL_Driver/Src/stm32g4xx_hal_rcc.o
                0x00000000080015b4                HAL_RCC_GetSysClockFreq
 .text.HAL_RCC_ClockConfig
                0x000000000800163c      0x1fc Drivers/STM32G4xx_HAL_Driver/Src/stm32g4xx_hal_rcc.o
                0x000000000800163c                HAL_RCC_ClockConfig
 .text.HAL_RCC_GetHCLKFreq
                0x0000000008001838        0xc Drivers/STM32G4xx_HAL_Driver/Src/stm32g4xx_hal_rcc.o
                0x0000000008001838                HAL_RCC_GetHCLKFreq
 .text.HAL_RCC_GetPCLK1Freq
                0x0000000008001844       0x24 Drivers/STM32G4xx_HAL_Driver/Src/stm32g4xx_hal_rcc.o
                0x0000000008001844                HAL_RCC_GetPCLK1Freq
 .text.HAL_RCC_GetClockConfig
                0x0000000008001868       0x3c Drivers/STM32G4xx_HAL_Driver/Src/stm32g4xx_hal_rcc.o
                0x0000000008001868                HAL_RCC_GetClockConfig
 .text.HAL_RCCEx_PeriphCLKConfig
                0x00000000080018a4      0x2e4 Drivers/STM32G4xx_HAL_Driver/Src/stm32g4xx_hal_rcc_ex.o
                0x00000000080018a4                HAL_RCCEx_PeriphCLKConfig
 .text.HAL_TIM_Base_MspInit
                0x0000000008001b88        0x2 Drivers/STM32G4xx_HAL_Driver/Src/stm32g4xx_hal_tim.o
                0x0000000008001b88                HAL_TIM_Base_MspInit
 *fill*         0x0000000008001b8a        0x2 
 .text.HAL_TIM_Base_Start_IT
                0x0000000008001b8c       0x48 Drivers/STM32G4xx_HAL_Driver/Src/stm32g4xx_hal_tim.o
                0x0000000008001b8c                HAL_TIM_Base_Start_IT
 .text.HAL_TIM_OC_DelayElapsedCallback
                0x0000000008001bd4        0x2 Drivers/STM32G4xx_HAL_Driver/Src/stm32g4xx_hal_tim.o
                0x0000000008001bd4                HAL_TIM_OC_DelayElapsedCallback
 .text.HAL_TIM_IC_CaptureCallback
                0x0000000008001bd6        0x2 Drivers/STM32G4xx_HAL_Driver/Src/stm32g4xx_hal_tim.o
                0x0000000008001bd6                HAL_TIM_IC_CaptureCallback
 .text.HAL_TIM_PWM_PulseFinishedCallback
                0x0000000008001bd8        0x2 Drivers/STM32G4xx_HAL_Driver/Src/stm32g4xx_hal_tim.o
                0x0000000008001bd8                HAL_TIM_PWM_PulseFinishedCallback
 .text.HAL_TIM_TriggerCallback
                0x0000000008001bda        0x2 Drivers/STM32G4xx_HAL_Driver/Src/stm32g4xx_hal_tim.o
                0x0000000008001bda                HAL_TIM_TriggerCallback
 .text.HAL_TIM_IRQHandler
                0x0000000008001bdc      0x21e Drivers/STM32G4xx_HAL_Driver/Src/stm32g4xx_hal_tim.o
                0x0000000008001bdc                HAL_TIM_IRQHandler
 *fill*         0x0000000008001dfa        0x2 
 .text.TIM_Base_SetConfig
                0x0000000008001dfc       0xb8 Drivers/STM32G4xx_HAL_Driver/Src/stm32g4xx_hal_tim.o
                0x0000000008001dfc                TIM_Base_SetConfig
 .text.HAL_TIM_Base_Init
                0x0000000008001eb4       0x5e Drivers/STM32G4xx_HAL_Driver/Src/stm32g4xx_hal_tim.o
                0x0000000008001eb4                HAL_TIM_Base_Init
 .text.HAL_TIMEx_CommutCallback
                0x0000000008001f12        0x2 Drivers/STM32G4xx_HAL_Driver/Src/stm32g4xx_hal_tim_ex.o
                0x0000000008001f12                HAL_TIMEx_CommutCallback
 .text.HAL_TIMEx_BreakCallback
                0x0000000008001f14        0x2 Drivers/STM32G4xx_HAL_Driver/Src/stm32g4xx_hal_tim_ex.o
                0x0000000008001f14                HAL_TIMEx_BreakCallback
 .text.HAL_TIMEx_Break2Callback
                0x0000000008001f16        0x2 Drivers/STM32G4xx_HAL_Driver/Src/stm32g4xx_hal_tim_ex.o
                0x0000000008001f16                HAL_TIMEx_Break2Callback
 .text.HAL_TIMEx_EncoderIndexCallback
                0x0000000008001f18        0x2 Drivers/STM32G4xx_HAL_Driver/Src/stm32g4xx_hal_tim_ex.o
                0x0000000008001f18                HAL_TIMEx_EncoderIndexCallback
 .text.HAL_TIMEx_DirectionChangeCallback
                0x0000000008001f1a        0x2 Drivers/STM32G4xx_HAL_Driver/Src/stm32g4xx_hal_tim_ex.o
                0x0000000008001f1a                HAL_TIMEx_DirectionChangeCallback
 .text.HAL_TIMEx_IndexErrorCallback
                0x0000000008001f1c        0x2 Drivers/STM32G4xx_HAL_Driver/Src/stm32g4xx_hal_tim_ex.o
                0x0000000008001f1c                HAL_TIMEx_IndexErrorCallback
 .text.HAL_TIMEx_TransitionErrorCallback
                0x0000000008001f1e        0x2 Drivers/STM32G4xx_HAL_Driver/Src/stm32g4xx_hal_tim_ex.o
                0x0000000008001f1e                HAL_TIMEx_TransitionErrorCallback
 .text.osKernelInitialize
                0x0000000008001f20       0x40 Middlewares/Third_Party/FreeRTOS/Source/CMSIS_RTOS_V2/cmsis_os2.o
                0x0000000008001f20                osKernelInitialize
 .text.osKernelStart
                0x0000000008001f60       0x48 Middlewares/Third_Party/FreeRTOS/Source/CMSIS_RTOS_V2/cmsis_os2.o
                0x0000000008001f60                osKernelStart
 .text.osThreadNew
                0x0000000008001fa8       0xd4 Middlewares/Third_Party/FreeRTOS/Source/CMSIS_RTOS_V2/cmsis_os2.o
                0x0000000008001fa8                osThreadNew
 .text.vApplicationGetIdleTaskMemory
                0x000000000800207c       0x1c Middlewares/Third_Party/FreeRTOS/Source/CMSIS_RTOS_V2/cmsis_os2.o
                0x000000000800207c                vApplicationGetIdleTaskMemory
 .text.vApplicationGetTimerTaskMemory
                0x0000000008002098       0x20 Middlewares/Third_Party/FreeRTOS/Source/CMSIS_RTOS_V2/cmsis_os2.o
                0x0000000008002098                vApplicationGetTimerTaskMemory
 .text.vListInitialise
                0x00000000080020b8       0x16 Middlewares/Third_Party/FreeRTOS/Source/list.o
                0x00000000080020b8                vListInitialise
 .text.vListInitialiseItem
                0x00000000080020ce        0x6 Middlewares/Third_Party/FreeRTOS/Source/list.o
                0x00000000080020ce                vListInitialiseItem
 .text.vListInsertEnd
                0x00000000080020d4       0x18 Middlewares/Third_Party/FreeRTOS/Source/list.o
                0x00000000080020d4                vListInsertEnd
 .text.vListInsert
                0x00000000080020ec       0x34 Middlewares/Third_Party/FreeRTOS/Source/list.o
                0x00000000080020ec                vListInsert
 .text.uxListRemove
                0x0000000008002120       0x28 Middlewares/Third_Party/FreeRTOS/Source/list.o
                0x0000000008002120                uxListRemove
 .text.prvIsQueueFull
                0x0000000008002148       0x1e Middlewares/Third_Party/FreeRTOS/Source/queue.o
 .text.prvIsQueueEmpty
                0x0000000008002166       0x1a Middlewares/Third_Party/FreeRTOS/Source/queue.o
 .text.prvCopyDataToQueue
                0x0000000008002180       0x76 Middlewares/Third_Party/FreeRTOS/Source/queue.o
 .text.prvCopyDataFromQueue
                0x00000000080021f6       0x24 Middlewares/Third_Party/FreeRTOS/Source/queue.o
 .text.prvUnlockQueue
                0x000000000800221a       0x6e Middlewares/Third_Party/FreeRTOS/Source/queue.o
 .text.xQueueGenericReset
                0x0000000008002288       0x84 Middlewares/Third_Party/FreeRTOS/Source/queue.o
                0x0000000008002288                xQueueGenericReset
 .text.prvInitialiseNewQueue
                0x000000000800230c       0x22 Middlewares/Third_Party/FreeRTOS/Source/queue.o
 .text.xQueueGenericCreateStatic
                0x000000000800232e       0x92 Middlewares/Third_Party/FreeRTOS/Source/queue.o
                0x000000000800232e                xQueueGenericCreateStatic
 .text.xQueueGenericSend
                0x00000000080023c0      0x17c Middlewares/Third_Party/FreeRTOS/Source/queue.o
                0x00000000080023c0                xQueueGenericSend
 .text.xQueueGenericSendFromISR
                0x000000000800253c       0xcc Middlewares/Third_Party/FreeRTOS/Source/queue.o
                0x000000000800253c                xQueueGenericSendFromISR
 .text.xQueueReceive
                0x0000000008002608      0x158 Middlewares/Third_Party/FreeRTOS/Source/queue.o
                0x0000000008002608                xQueueReceive
 .text.vQueueAddToRegistry
                0x0000000008002760       0x28 Middlewares/Third_Party/FreeRTOS/Source/queue.o
                0x0000000008002760                vQueueAddToRegistry
 .text.vQueueWaitForMessageRestricted
                0x0000000008002788       0x52 Middlewares/Third_Party/FreeRTOS/Source/queue.o
                0x0000000008002788                vQueueWaitForMessageRestricted
 *fill*         0x00000000080027da        0x2 
 .text.prvResetNextTaskUnblockTime
                0x00000000080027dc       0x24 Middlewares/Third_Party/FreeRTOS/Source/tasks.o
 .text.prvInitialiseNewTask
                0x0000000008002800       0x9a Middlewares/Third_Party/FreeRTOS/Source/tasks.o
 *fill*         0x000000000800289a        0x2 
 .text.prvInitialiseTaskLists
                0x000000000800289c       0x58 Middlewares/Third_Party/FreeRTOS/Source/tasks.o
 .text.prvAddNewTaskToReadyList
                0x00000000080028f4       0xb0 Middlewares/Third_Party/FreeRTOS/Source/tasks.o
 .text.prvDeleteTCB
                0x00000000080029a4       0x38 Middlewares/Third_Party/FreeRTOS/Source/tasks.o
 .text.prvCheckTasksWaitingTermination
                0x00000000080029dc       0x44 Middlewares/Third_Party/FreeRTOS/Source/tasks.o
 .text.prvIdleTask
                0x0000000008002a20       0x28 Middlewares/Third_Party/FreeRTOS/Source/tasks.o
 .text.prvAddCurrentTaskToDelayedList
                0x0000000008002a48       0x6c Middlewares/Third_Party/FreeRTOS/Source/tasks.o
 .text.xTaskCreateStatic
                0x0000000008002ab4       0x74 Middlewares/Third_Party/FreeRTOS/Source/tasks.o
                0x0000000008002ab4                xTaskCreateStatic
 .text.xTaskCreate
                0x0000000008002b28       0x66 Middlewares/Third_Party/FreeRTOS/Source/tasks.o
                0x0000000008002b28                xTaskCreate
 *fill*         0x0000000008002b8e        0x2 
 .text.vTaskStartScheduler
                0x0000000008002b90       0x8c Middlewares/Third_Party/FreeRTOS/Source/tasks.o
                0x0000000008002b90                vTaskStartScheduler
 .text.vTaskSuspendAll
                0x0000000008002c1c       0x14 Middlewares/Third_Party/FreeRTOS/Source/tasks.o
                0x0000000008002c1c                vTaskSuspendAll
 .text.xTaskGetTickCount
                0x0000000008002c30        0xc Middlewares/Third_Party/FreeRTOS/Source/tasks.o
                0x0000000008002c30                xTaskGetTickCount
 .text.xTaskIncrementTick
                0x0000000008002c3c      0x10c Middlewares/Third_Party/FreeRTOS/Source/tasks.o
                0x0000000008002c3c                xTaskIncrementTick
 .text.xTaskResumeAll
                0x0000000008002d48       0xf0 Middlewares/Third_Party/FreeRTOS/Source/tasks.o
                0x0000000008002d48                xTaskResumeAll
 .text.vTaskDelay
                0x0000000008002e38       0x4c Middlewares/Third_Party/FreeRTOS/Source/tasks.o
                0x0000000008002e38                vTaskDelay
 .text.vTaskSwitchContext
                0x0000000008002e84       0x94 Middlewares/Third_Party/FreeRTOS/Source/tasks.o
                0x0000000008002e84                vTaskSwitchContext
 .text.vTaskPlaceOnEventList
                0x0000000008002f18       0x34 Middlewares/Third_Party/FreeRTOS/Source/tasks.o
                0x0000000008002f18                vTaskPlaceOnEventList
 .text.vTaskPlaceOnEventListRestricted
                0x0000000008002f4c       0x3c Middlewares/Third_Party/FreeRTOS/Source/tasks.o
                0x0000000008002f4c                vTaskPlaceOnEventListRestricted
 .text.xTaskRemoveFromEventList
                0x0000000008002f88       0x88 Middlewares/Third_Party/FreeRTOS/Source/tasks.o
                0x0000000008002f88                xTaskRemoveFromEventList
 .text.vTaskInternalSetTimeOutState
                0x0000000008003010       0x14 Middlewares/Third_Party/FreeRTOS/Source/tasks.o
                0x0000000008003010                vTaskInternalSetTimeOutState
 .text.xTaskCheckForTimeOut
                0x0000000008003024       0x80 Middlewares/Third_Party/FreeRTOS/Source/tasks.o
                0x0000000008003024                xTaskCheckForTimeOut
 .text.vTaskMissedYield
                0x00000000080030a4       0x10 Middlewares/Third_Party/FreeRTOS/Source/tasks.o
                0x00000000080030a4                vTaskMissedYield
 .text.xTaskGetSchedulerState
                0x00000000080030b4       0x20 Middlewares/Third_Party/FreeRTOS/Source/tasks.o
                0x00000000080030b4                xTaskGetSchedulerState
 .text.xTaskPriorityDisinherit
                0x00000000080030d4       0x90 Middlewares/Third_Party/FreeRTOS/Source/tasks.o
                0x00000000080030d4                xTaskPriorityDisinherit
 .text.prvGetNextExpireTime
                0x0000000008003164       0x20 Middlewares/Third_Party/FreeRTOS/Source/timers.o
 .text.prvInsertTimerInActiveList
                0x0000000008003184       0x44 Middlewares/Third_Party/FreeRTOS/Source/timers.o
 .text.prvCheckForValidListAndQueue
                0x00000000080031c8       0x5c Middlewares/Third_Party/FreeRTOS/Source/timers.o
 .text.xTimerCreateTimerTask
                0x0000000008003224       0x64 Middlewares/Third_Party/FreeRTOS/Source/timers.o
                0x0000000008003224                xTimerCreateTimerTask
 .text.xTimerGenericCommand
                0x0000000008003288       0x6c Middlewares/Third_Party/FreeRTOS/Source/timers.o
                0x0000000008003288                xTimerGenericCommand
 .text.prvSwitchTimerLists
                0x00000000080032f4       0x8c Middlewares/Third_Party/FreeRTOS/Source/timers.o
 .text.prvSampleTimeNow
                0x0000000008003380       0x30 Middlewares/Third_Party/FreeRTOS/Source/timers.o
 .text.prvProcessExpiredTimer
                0x00000000080033b0       0x6c Middlewares/Third_Party/FreeRTOS/Source/timers.o
 .text.prvProcessTimerOrBlockTask
                0x000000000800341c       0x70 Middlewares/Third_Party/FreeRTOS/Source/timers.o
 .text.prvProcessReceivedCommands
                0x000000000800348c      0x110 Middlewares/Third_Party/FreeRTOS/Source/timers.o
 .text.prvTimerTask
                0x000000000800359c       0x16 Middlewares/Third_Party/FreeRTOS/Source/timers.o
 *fill*         0x00000000080035b2        0x2 
 .text.prvTaskExitError
                0x00000000080035b4       0x40 Middlewares/Third_Party/FreeRTOS/Source/portable/GCC/ARM_CM4F/port.o
 .text.prvPortStartFirstTask
                0x00000000080035f4       0x28 Middlewares/Third_Party/FreeRTOS/Source/portable/GCC/ARM_CM4F/port.o
 .text.vPortEnableVFP
                0x000000000800361c       0x14 Middlewares/Third_Party/FreeRTOS/Source/portable/GCC/ARM_CM4F/port.o
 .text.pxPortInitialiseStack
                0x0000000008003630       0x2c Middlewares/Third_Party/FreeRTOS/Source/portable/GCC/ARM_CM4F/port.o
                0x0000000008003630                pxPortInitialiseStack
 *fill*         0x000000000800365c        0x4 
 .text.SVC_Handler
                0x0000000008003660       0x24 Middlewares/Third_Party/FreeRTOS/Source/portable/GCC/ARM_CM4F/port.o
                0x0000000008003660                SVC_Handler
 .text.vPortEnterCritical
                0x0000000008003684       0x44 Middlewares/Third_Party/FreeRTOS/Source/portable/GCC/ARM_CM4F/port.o
                0x0000000008003684                vPortEnterCritical
 .text.vPortExitCritical
                0x00000000080036c8       0x2c Middlewares/Third_Party/FreeRTOS/Source/portable/GCC/ARM_CM4F/port.o
                0x00000000080036c8                vPortExitCritical
 *fill*         0x00000000080036f4        0xc 
 .text.PendSV_Handler
                0x0000000008003700       0x64 Middlewares/Third_Party/FreeRTOS/Source/portable/GCC/ARM_CM4F/port.o
                0x0000000008003700                PendSV_Handler
 .text.SysTick_Handler
                0x0000000008003764       0x2c Middlewares/Third_Party/FreeRTOS/Source/portable/GCC/ARM_CM4F/port.o
                0x0000000008003764                SysTick_Handler
 .text.vPortSetupTimerInterrupt
                0x0000000008003790       0x38 Middlewares/Third_Party/FreeRTOS/Source/portable/GCC/ARM_CM4F/port.o
                0x0000000008003790                vPortSetupTimerInterrupt
 .text.xPortStartScheduler
                0x00000000080037c8      0x108 Middlewares/Third_Party/FreeRTOS/Source/portable/GCC/ARM_CM4F/port.o
                0x00000000080037c8                xPortStartScheduler
 .text.vPortValidateInterruptPriority
                0x00000000080038d0       0x58 Middlewares/Third_Party/FreeRTOS/Source/portable/GCC/ARM_CM4F/port.o
                0x00000000080038d0                vPortValidateInterruptPriority
 .text.prvHeapInit
                0x0000000008003928       0x54 Middlewares/Third_Party/FreeRTOS/Source/portable/MemMang/heap_4.o
 .text.prvInsertBlockIntoFreeList
                0x000000000800397c       0x58 Middlewares/Third_Party/FreeRTOS/Source/portable/MemMang/heap_4.o
 .text.pvPortMalloc
                0x00000000080039d4      0x10c Middlewares/Third_Party/FreeRTOS/Source/portable/MemMang/heap_4.o
                0x00000000080039d4                pvPortMalloc
 .text.vPortFree
                0x0000000008003ae0       0x70 Middlewares/Third_Party/FreeRTOS/Source/portable/MemMang/heap_4.o
                0x0000000008003ae0                vPortFree
 .text.SEVEN_SEG_Init
                0x0000000008003b50      0x1e4 Src/SEVEN_SEGMENTS.o
                0x0000000008003b50                SEVEN_SEG_Init
 .text.SEVEN_SEG_Write
                0x0000000008003d34       0x40 Src/SEVEN_SEGMENTS.o
                0x0000000008003d34                SEVEN_SEG_Write
 .text.SEVEN_SEG_Enable
                0x0000000008003d74       0x14 Src/SEVEN_SEGMENTS.o
                0x0000000008003d74                SEVEN_SEG_Enable
 .text.SEVEN_SEG_Main
                0x0000000008003d88      0x164 Src/SEVEN_SEGMENTS.o
                0x0000000008003d88                SEVEN_SEG_Main
 .text.MX_GPIO_Init
                0x0000000008003eec       0xe8 Src/main.o
 .text.MX_ADC1_Init
                0x0000000008003fd4       0x80 Src/main.o
 .text.Startblink01
                0x0000000008004054       0xe0 Src/main.o
                0x0000000008004054                Startblink01
 .text.Startblink02
                0x0000000008004134        0xe Src/main.o
                0x0000000008004134                Startblink02
 .text.SystemClock_Config
                0x0000000008004142       0x7c Src/main.o
                0x0000000008004142                SystemClock_Config
 *fill*         0x00000000080041be        0x2 
 .text.main     0x00000000080041c0       0x70 Src/main.o
                0x00000000080041c0                main
 .text.HAL_TIM_PeriodElapsedCallback
                0x0000000008004230       0x18 Src/main.o
                0x0000000008004230                HAL_TIM_PeriodElapsedCallback
 .text.HAL_MspInit
                0x0000000008004248       0x50 Src/stm32g4xx_hal_msp.o
                0x0000000008004248                HAL_MspInit
 .text.HAL_ADC_MspInit
                0x0000000008004298       0x5c Src/stm32g4xx_hal_msp.o
                0x0000000008004298                HAL_ADC_MspInit
 .text.HAL_InitTick
                0x00000000080042f4       0x78 Src/stm32g4xx_hal_timebase_tim.o
                0x00000000080042f4                HAL_InitTick
 .text.NMI_Handler
                0x000000000800436c        0x2 Src/stm32g4xx_it.o
                0x000000000800436c                NMI_Handler
 .text.HardFault_Handler
                0x000000000800436e        0x2 Src/stm32g4xx_it.o
                0x000000000800436e                HardFault_Handler
 .text.MemManage_Handler
                0x0000000008004370        0x2 Src/stm32g4xx_it.o
                0x0000000008004370                MemManage_Handler
 .text.BusFault_Handler
                0x0000000008004372        0x2 Src/stm32g4xx_it.o
                0x0000000008004372                BusFault_Handler
 .text.UsageFault_Handler
                0x0000000008004374        0x2 Src/stm32g4xx_it.o
                0x0000000008004374                UsageFault_Handler
 .text.DebugMon_Handler
                0x0000000008004376        0x2 Src/stm32g4xx_it.o
                0x0000000008004376                DebugMon_Handler
 .text.TIM6_DAC_IRQHandler
                0x0000000008004378       0x10 Src/stm32g4xx_it.o
                0x0000000008004378                TIM6_DAC_IRQHandler
 .text.SystemInit
                0x0000000008004388       0x1c Src/system_stm32g4xx.o
                0x0000000008004388                SystemInit
 .text.Reset_Handler
                0x00000000080043a4       0x50 startup/startup_stm32g431xx.o
                0x00000000080043a4                Reset_Handler
 .text.Default_Handler
                0x00000000080043f4        0x2 startup/startup_stm32g431xx.o
                0x00000000080043f4                RTC_Alarm_IRQHandler
                0x00000000080043f4                EXTI2_IRQHandler
                0x00000000080043f4                TIM8_TRG_COM_IRQHandler
                0x00000000080043f4                TIM8_CC_IRQHandler
                0x00000000080043f4                TIM1_CC_IRQHandler
                0x00000000080043f4                USB_HP_IRQHandler
                0x00000000080043f4                CORDIC_IRQHandler
                0x00000000080043f4                EXTI3_IRQHandler
                0x00000000080043f4                I2C3_ER_IRQHandler
                0x00000000080043f4                EXTI0_IRQHandler
                0x00000000080043f4                I2C2_EV_IRQHandler
                0x00000000080043f4                FPU_IRQHandler
                0x00000000080043f4                FDCAN1_IT1_IRQHandler
                0x00000000080043f4                TIM1_UP_TIM16_IRQHandler
                0x00000000080043f4                ADC1_2_IRQHandler
                0x00000000080043f4                SPI1_IRQHandler
                0x00000000080043f4                TIM8_UP_IRQHandler
                0x00000000080043f4                DMA2_Channel2_IRQHandler
                0x00000000080043f4                DMA1_Channel4_IRQHandler
                0x00000000080043f4                USART3_IRQHandler
                0x00000000080043f4                TIM4_IRQHandler
                0x00000000080043f4                DMA2_Channel1_IRQHandler
                0x00000000080043f4                I2C1_EV_IRQHandler
                0x00000000080043f4                DMA1_Channel6_IRQHandler
                0x00000000080043f4                UART4_IRQHandler
                0x00000000080043f4                DMA2_Channel4_IRQHandler
                0x00000000080043f4                TIM3_IRQHandler
                0x00000000080043f4                RCC_IRQHandler
                0x00000000080043f4                DMA1_Channel1_IRQHandler
                0x00000000080043f4                Default_Handler
                0x00000000080043f4                RTC_TAMP_LSECSS_IRQHandler
                0x00000000080043f4                FMAC_IRQHandler
                0x00000000080043f4                EXTI15_10_IRQHandler
                0x00000000080043f4                TIM7_IRQHandler
                0x00000000080043f4                UCPD1_IRQHandler
                0x00000000080043f4                I2C3_EV_IRQHandler
                0x00000000080043f4                EXTI9_5_IRQHandler
                0x00000000080043f4                RTC_WKUP_IRQHandler
                0x00000000080043f4                PVD_PVM_IRQHandler
                0x00000000080043f4                SPI2_IRQHandler
                0x00000000080043f4                DMA2_Channel5_IRQHandler
                0x00000000080043f4                CRS_IRQHandler
                0x00000000080043f4                DMA1_Channel5_IRQHandler
                0x00000000080043f4                USB_LP_IRQHandler
                0x00000000080043f4                EXTI4_IRQHandler
                0x00000000080043f4                RNG_IRQHandler
                0x00000000080043f4                TIM1_TRG_COM_TIM17_IRQHandler
                0x00000000080043f4                DMA1_Channel3_IRQHandler
                0x00000000080043f4                WWDG_IRQHandler
                0x00000000080043f4                LPUART1_IRQHandler
                0x00000000080043f4                DMA2_Channel6_IRQHandler
                0x00000000080043f4                FDCAN1_IT0_IRQHandler
                0x00000000080043f4                TIM2_IRQHandler
                0x00000000080043f4                COMP1_2_3_IRQHandler
                0x00000000080043f4                EXTI1_IRQHandler
                0x00000000080043f4                USART2_IRQHandler
                0x00000000080043f4                I2C2_ER_IRQHandler
                0x00000000080043f4                DMA1_Channel2_IRQHandler
                0x00000000080043f4                TIM8_BRK_IRQHandler
                0x00000000080043f4                FLASH_IRQHandler
                0x00000000080043f4                USART1_IRQHandler
                0x00000000080043f4                SPI3_IRQHandler
                0x00000000080043f4                I2C1_ER_IRQHandler
                0x00000000080043f4                LPTIM1_IRQHandler
                0x00000000080043f4                DMAMUX_OVR_IRQHandler
                0x00000000080043f4                USBWakeUp_IRQHandler
                0x00000000080043f4                SAI1_IRQHandler
                0x00000000080043f4                DMA2_Channel3_IRQHandler
                0x00000000080043f4                COMP4_IRQHandler
                0x00000000080043f4                TIM1_BRK_TIM15_IRQHandler
 *fill*         0x00000000080043f6        0x2 
 .text.__libc_init_array
                0x00000000080043f8       0x48 /home/evan/Ac6/SystemWorkbench/plugins/fr.ac6.mcu.externaltools.arm-none.linux64_1.17.0.201812190825/tools/compiler/bin/../lib/gcc/arm-none-eabi/7.3.1/../../../../arm-none-eabi/lib/thumb/v7e-m/fpv4-sp/hard/libc_nano.a(lib_a-init.o)
                0x00000000080043f8                __libc_init_array
 .text.memcpy   0x0000000008004440       0x16 /home/evan/Ac6/SystemWorkbench/plugins/fr.ac6.mcu.externaltools.arm-none.linux64_1.17.0.201812190825/tools/compiler/bin/../lib/gcc/arm-none-eabi/7.3.1/../../../../arm-none-eabi/lib/thumb/v7e-m/fpv4-sp/hard/libc_nano.a(lib_a-memcpy-stub.o)
                0x0000000008004440                memcpy
 .text.memset   0x0000000008004456       0x10 /home/evan/Ac6/SystemWorkbench/plugins/fr.ac6.mcu.externaltools.arm-none.linux64_1.17.0.201812190825/tools/compiler/bin/../lib/gcc/arm-none-eabi/7.3.1/../../../../arm-none-eabi/lib/thumb/v7e-m/fpv4-sp/hard/libc_nano.a(lib_a-memset.o)
                0x0000000008004456                memset
 *(.glue_7)
 .glue_7        0x0000000008004466        0x0 linker stubs
 *(.glue_7t)
 .glue_7t       0x0000000008004466        0x0 linker stubs
 *(.eh_frame)
 *fill*         0x0000000008004466        0x2 
 .eh_frame      0x0000000008004468        0x0 /home/evan/Ac6/SystemWorkbench/plugins/fr.ac6.mcu.externaltools.arm-none.linux64_1.17.0.201812190825/tools/compiler/bin/../lib/gcc/arm-none-eabi/7.3.1/thumb/v7e-m/fpv4-sp/hard/crtbegin.o
 *(.init)
 .init          0x0000000008004468        0x4 /home/evan/Ac6/SystemWorkbench/plugins/fr.ac6.mcu.externaltools.arm-none.linux64_1.17.0.201812190825/tools/compiler/bin/../lib/gcc/arm-none-eabi/7.3.1/thumb/v7e-m/fpv4-sp/hard/crti.o
                0x0000000008004468                _init
 .init          0x000000000800446c        0x8 /home/evan/Ac6/SystemWorkbench/plugins/fr.ac6.mcu.externaltools.arm-none.linux64_1.17.0.201812190825/tools/compiler/bin/../lib/gcc/arm-none-eabi/7.3.1/thumb/v7e-m/fpv4-sp/hard/crtn.o
 *(.fini)
 .fini          0x0000000008004474        0x4 /home/evan/Ac6/SystemWorkbench/plugins/fr.ac6.mcu.externaltools.arm-none.linux64_1.17.0.201812190825/tools/compiler/bin/../lib/gcc/arm-none-eabi/7.3.1/thumb/v7e-m/fpv4-sp/hard/crti.o
                0x0000000008004474                _fini
 .fini          0x0000000008004478        0x8 /home/evan/Ac6/SystemWorkbench/plugins/fr.ac6.mcu.externaltools.arm-none.linux64_1.17.0.201812190825/tools/compiler/bin/../lib/gcc/arm-none-eabi/7.3.1/thumb/v7e-m/fpv4-sp/hard/crtn.o
                0x0000000008004480                . = ALIGN (0x4)
                0x0000000008004480                _etext = .

.vfp11_veneer   0x0000000008004480        0x0
 .vfp11_veneer  0x0000000008004480        0x0 linker stubs

.v4_bx          0x0000000008004480        0x0
 .v4_bx         0x0000000008004480        0x0 linker stubs

.iplt           0x0000000008004480        0x0
 .iplt          0x0000000008004480        0x0 /home/evan/Ac6/SystemWorkbench/plugins/fr.ac6.mcu.externaltools.arm-none.linux64_1.17.0.201812190825/tools/compiler/bin/../lib/gcc/arm-none-eabi/7.3.1/thumb/v7e-m/fpv4-sp/hard/crtbegin.o

.rodata         0x0000000008004480       0xc0
                0x0000000008004480                . = ALIGN (0x4)
 *(.rodata)
 .rodata        0x0000000008004480       0x38 Src/SEVEN_SEGMENTS_cfg.o
                0x0000000008004480                SEVEN_SEG_CfgParam
 .rodata        0x00000000080044b8       0x48 Src/main.o
                0x00000000080044b8                blink01_attributes
                0x00000000080044dc                blink02_attributes
 .rodata        0x0000000008004500       0x18 Src/system_stm32g4xx.o
                0x0000000008004500                AHBPrescTable
                0x0000000008004510                APBPrescTable
 *(.rodata*)
 .rodata.str1.4
                0x0000000008004518        0x5 Middlewares/Third_Party/FreeRTOS/Source/tasks.o
 *fill*         0x000000000800451d        0x3 
 .rodata.str1.4
                0x0000000008004520       0x10 Middlewares/Third_Party/FreeRTOS/Source/timers.o
 .rodata.str1.4
                0x0000000008004530       0x10 Src/main.o
                0x0000000008004540                . = ALIGN (0x4)

.rel.dyn        0x0000000008004540        0x0
 .rel.iplt      0x0000000008004540        0x0 /home/evan/Ac6/SystemWorkbench/plugins/fr.ac6.mcu.externaltools.arm-none.linux64_1.17.0.201812190825/tools/compiler/bin/../lib/gcc/arm-none-eabi/7.3.1/thumb/v7e-m/fpv4-sp/hard/crtbegin.o

.ARM.extab
 *(.ARM.extab* .gnu.linkonce.armextab.*)

.ARM            0x0000000008004540        0x0
                0x0000000008004540                __exidx_start = .
 *(.ARM.exidx*)
                0x0000000008004540                __exidx_end = .

.preinit_array  0x0000000008004540        0x0
                0x0000000008004540                PROVIDE (__preinit_array_start = .)
 *(.preinit_array*)
                0x0000000008004540                PROVIDE (__preinit_array_end = .)

.init_array     0x0000000008004540        0x4
                0x0000000008004540                PROVIDE (__init_array_start = .)
 *(SORT_BY_NAME(.init_array.*))
 *(.init_array*)
 .init_array    0x0000000008004540        0x4 /home/evan/Ac6/SystemWorkbench/plugins/fr.ac6.mcu.externaltools.arm-none.linux64_1.17.0.201812190825/tools/compiler/bin/../lib/gcc/arm-none-eabi/7.3.1/thumb/v7e-m/fpv4-sp/hard/crtbegin.o
                0x0000000008004544                PROVIDE (__init_array_end = .)

.fini_array     0x0000000008004544        0x4
                [!provide]                        PROVIDE (__fini_array_start = .)
 *(SORT_BY_NAME(.fini_array.*))
 *(.fini_array*)
 .fini_array    0x0000000008004544        0x4 /home/evan/Ac6/SystemWorkbench/plugins/fr.ac6.mcu.externaltools.arm-none.linux64_1.17.0.201812190825/tools/compiler/bin/../lib/gcc/arm-none-eabi/7.3.1/thumb/v7e-m/fpv4-sp/hard/crtbegin.o
                [!provide]                        PROVIDE (__fini_array_end = .)
                0x0000000008004548                _sidata = LOADADDR (.data)

.data           0x0000000020000000       0x58 load address 0x0000000008004548
                0x0000000020000000                . = ALIGN (0x4)
                0x0000000020000000                _sdata = .
 *(.data)
 .data          0x0000000020000000        0x8 Drivers/STM32G4xx_HAL_Driver/Src/stm32g4xx_hal.o
                0x0000000020000000                uwTickFreq
                0x0000000020000004                uwTickPrio
 .data          0x0000000020000008        0x4 Middlewares/Third_Party/FreeRTOS/Source/portable/GCC/ARM_CM4F/port.o
 .data          0x000000002000000c       0x46 Src/SEVEN_SEGMENTS.o
 *fill*         0x0000000020000052        0x2 
 .data          0x0000000020000054        0x4 Src/system_stm32g4xx.o
                0x0000000020000054                SystemCoreClock
 *(.data*)
                0x0000000020000058                . = ALIGN (0x4)
                0x0000000020000058                _edata = .

.igot.plt       0x0000000020000058        0x0 load address 0x00000000080045a0
 .igot.plt      0x0000000020000058        0x0 /home/evan/Ac6/SystemWorkbench/plugins/fr.ac6.mcu.externaltools.arm-none.linux64_1.17.0.201812190825/tools/compiler/bin/../lib/gcc/arm-none-eabi/7.3.1/thumb/v7e-m/fpv4-sp/hard/crtbegin.o
                0x0000000020000058                . = ALIGN (0x4)

.bss            0x0000000020000058     0x1a30 load address 0x00000000080045a0
                0x0000000020000058                _sbss = .
                0x0000000020000058                __bss_start__ = _sbss
 *(.bss)
 .bss           0x0000000020000058       0x1c /home/evan/Ac6/SystemWorkbench/plugins/fr.ac6.mcu.externaltools.arm-none.linux64_1.17.0.201812190825/tools/compiler/bin/../lib/gcc/arm-none-eabi/7.3.1/thumb/v7e-m/fpv4-sp/hard/crtbegin.o
 .bss           0x0000000020000074      0x6bc Middlewares/Third_Party/FreeRTOS/Source/CMSIS_RTOS_V2/cmsis_os2.o
 .bss           0x0000000020000730      0x4fc Middlewares/Third_Party/FreeRTOS/Source/tasks.o
                0x0000000020000c04                pxCurrentTCB
 .bss           0x0000000020000c2c      0x12c Middlewares/Third_Party/FreeRTOS/Source/timers.o
 .bss           0x0000000020000d58        0x8 Middlewares/Third_Party/FreeRTOS/Source/portable/GCC/ARM_CM4F/port.o
 .bss           0x0000000020000d60      0xc18 Middlewares/Third_Party/FreeRTOS/Source/portable/MemMang/heap_4.o
 .bss           0x0000000020001978        0x6 Src/SEVEN_SEGMENTS.o
 .bss           0x000000002000197e        0x4 Src/main.o
 *(.bss*)
 *(COMMON)
 *fill*         0x0000000020001982        0x2 
 COMMON         0x0000000020001984        0x4 Drivers/STM32G4xx_HAL_Driver/Src/stm32g4xx_hal.o
                0x0000000020001984                uwTick
 COMMON         0x0000000020001988       0x40 Middlewares/Third_Party/FreeRTOS/Source/queue.o
                0x0000000020001988                xQueueRegistry
 COMMON         0x00000000200019c8       0x74 Src/main.o
                0x00000000200019c8                hadc1
                0x0000000020001a34                blink01Handle
                0x0000000020001a38                blink02Handle
 COMMON         0x0000000020001a3c       0x4c Src/stm32g4xx_hal_timebase_tim.o
                0x0000000020001a3c                htim6
                0x0000000020001a88                . = ALIGN (0x4)
                0x0000000020001a88                _ebss = .
                0x0000000020001a88                __bss_end__ = _ebss

._user_heap_stack
                0x0000000020001a88      0x600 load address 0x00000000080045a0
                0x0000000020001a88                . = ALIGN (0x8)
                0x0000000020001a88                PROVIDE (end = .)
                [!provide]                        PROVIDE (_end = .)
                0x0000000020001c88                . = (. + _Min_Heap_Size)
 *fill*         0x0000000020001a88      0x200 
                0x0000000020002088                . = (. + _Min_Stack_Size)
 *fill*         0x0000000020001c88      0x400 
                0x0000000020002088                . = ALIGN (0x8)

/DISCARD/
 libc.a(*)
 libm.a(*)
 libgcc.a(*)

.ARM.attributes
                0x0000000000000000       0x30
 *(.ARM.attributes)
 .ARM.attributes
                0x0000000000000000       0x22 /home/evan/Ac6/SystemWorkbench/plugins/fr.ac6.mcu.externaltools.arm-none.linux64_1.17.0.201812190825/tools/compiler/bin/../lib/gcc/arm-none-eabi/7.3.1/thumb/v7e-m/fpv4-sp/hard/crti.o
 .ARM.attributes
                0x0000000000000022       0x34 /home/evan/Ac6/SystemWorkbench/plugins/fr.ac6.mcu.externaltools.arm-none.linux64_1.17.0.201812190825/tools/compiler/bin/../lib/gcc/arm-none-eabi/7.3.1/thumb/v7e-m/fpv4-sp/hard/crtbegin.o
 .ARM.attributes
                0x0000000000000056       0x39 Drivers/STM32G4xx_HAL_Driver/Src/stm32g4xx_hal.o
 .ARM.attributes
                0x000000000000008f       0x39 Drivers/STM32G4xx_HAL_Driver/Src/stm32g4xx_hal_adc.o
 .ARM.attributes
                0x00000000000000c8       0x39 Drivers/STM32G4xx_HAL_Driver/Src/stm32g4xx_hal_adc_ex.o
 .ARM.attributes
                0x0000000000000101       0x39 Drivers/STM32G4xx_HAL_Driver/Src/stm32g4xx_hal_cortex.o
 .ARM.attributes
                0x000000000000013a       0x39 Drivers/STM32G4xx_HAL_Driver/Src/stm32g4xx_hal_gpio.o
 .ARM.attributes
                0x0000000000000173       0x39 Drivers/STM32G4xx_HAL_Driver/Src/stm32g4xx_hal_pwr_ex.o
 .ARM.attributes
                0x00000000000001ac       0x39 Drivers/STM32G4xx_HAL_Driver/Src/stm32g4xx_hal_rcc.o
 .ARM.attributes
                0x00000000000001e5       0x39 Drivers/STM32G4xx_HAL_Driver/Src/stm32g4xx_hal_rcc_ex.o
 .ARM.attributes
                0x000000000000021e       0x39 Drivers/STM32G4xx_HAL_Driver/Src/stm32g4xx_hal_tim.o
 .ARM.attributes
                0x0000000000000257       0x39 Drivers/STM32G4xx_HAL_Driver/Src/stm32g4xx_hal_tim_ex.o
 .ARM.attributes
                0x0000000000000290       0x39 Middlewares/Third_Party/FreeRTOS/Source/CMSIS_RTOS_V2/cmsis_os2.o
 .ARM.attributes
                0x00000000000002c9       0x39 Middlewares/Third_Party/FreeRTOS/Source/list.o
 .ARM.attributes
                0x0000000000000302       0x39 Middlewares/Third_Party/FreeRTOS/Source/queue.o
 .ARM.attributes
                0x000000000000033b       0x39 Middlewares/Third_Party/FreeRTOS/Source/tasks.o
 .ARM.attributes
                0x0000000000000374       0x39 Middlewares/Third_Party/FreeRTOS/Source/timers.o
 .ARM.attributes
                0x00000000000003ad       0x39 Middlewares/Third_Party/FreeRTOS/Source/portable/GCC/ARM_CM4F/port.o
 .ARM.attributes
                0x00000000000003e6       0x39 Middlewares/Third_Party/FreeRTOS/Source/portable/MemMang/heap_4.o
 .ARM.attributes
                0x000000000000041f       0x39 Src/SEVEN_SEGMENTS.o
 .ARM.attributes
                0x0000000000000458       0x39 Src/SEVEN_SEGMENTS_cfg.o
 .ARM.attributes
                0x0000000000000491       0x39 Src/main.o
 .ARM.attributes
                0x00000000000004ca       0x39 Src/stm32g4xx_hal_msp.o
 .ARM.attributes
                0x0000000000000503       0x39 Src/stm32g4xx_hal_timebase_tim.o
 .ARM.attributes
                0x000000000000053c       0x39 Src/stm32g4xx_it.o
 .ARM.attributes
                0x0000000000000575       0x39 Src/system_stm32g4xx.o
 .ARM.attributes
                0x00000000000005ae       0x21 startup/startup_stm32g431xx.o
 .ARM.attributes
                0x00000000000005cf       0x34 /home/evan/Ac6/SystemWorkbench/plugins/fr.ac6.mcu.externaltools.arm-none.linux64_1.17.0.201812190825/tools/compiler/bin/../lib/gcc/arm-none-eabi/7.3.1/../../../../arm-none-eabi/lib/thumb/v7e-m/fpv4-sp/hard/libc_nano.a(lib_a-init.o)
 .ARM.attributes
                0x0000000000000603       0x34 /home/evan/Ac6/SystemWorkbench/plugins/fr.ac6.mcu.externaltools.arm-none.linux64_1.17.0.201812190825/tools/compiler/bin/../lib/gcc/arm-none-eabi/7.3.1/../../../../arm-none-eabi/lib/thumb/v7e-m/fpv4-sp/hard/libc_nano.a(lib_a-memcpy-stub.o)
 .ARM.attributes
                0x0000000000000637       0x34 /home/evan/Ac6/SystemWorkbench/plugins/fr.ac6.mcu.externaltools.arm-none.linux64_1.17.0.201812190825/tools/compiler/bin/../lib/gcc/arm-none-eabi/7.3.1/../../../../arm-none-eabi/lib/thumb/v7e-m/fpv4-sp/hard/libc_nano.a(lib_a-memset.o)
 .ARM.attributes
                0x000000000000066b       0x22 /home/evan/Ac6/SystemWorkbench/plugins/fr.ac6.mcu.externaltools.arm-none.linux64_1.17.0.201812190825/tools/compiler/bin/../lib/gcc/arm-none-eabi/7.3.1/thumb/v7e-m/fpv4-sp/hard/crtn.o
OUTPUT(P1.elf elf32-littlearm)

.debug_info     0x0000000000000000    0x24494
 .debug_info    0x0000000000000000      0xc6e Drivers/STM32G4xx_HAL_Driver/Src/stm32g4xx_hal.o
 .debug_info    0x0000000000000c6e     0x2e38 Drivers/STM32G4xx_HAL_Driver/Src/stm32g4xx_hal_adc.o
 .debug_info    0x0000000000003aa6     0x27f1 Drivers/STM32G4xx_HAL_Driver/Src/stm32g4xx_hal_adc_ex.o
 .debug_info    0x0000000000006297     0x101b Drivers/STM32G4xx_HAL_Driver/Src/stm32g4xx_hal_cortex.o
 .debug_info    0x00000000000072b2      0x970 Drivers/STM32G4xx_HAL_Driver/Src/stm32g4xx_hal_gpio.o
 .debug_info    0x0000000000007c22      0xaea Drivers/STM32G4xx_HAL_Driver/Src/stm32g4xx_hal_pwr_ex.o
 .debug_info    0x000000000000870c      0xeb7 Drivers/STM32G4xx_HAL_Driver/Src/stm32g4xx_hal_rcc.o
 .debug_info    0x00000000000095c3      0xf6a Drivers/STM32G4xx_HAL_Driver/Src/stm32g4xx_hal_rcc_ex.o
 .debug_info    0x000000000000a52d     0x3984 Drivers/STM32G4xx_HAL_Driver/Src/stm32g4xx_hal_tim.o
 .debug_info    0x000000000000deb1     0x2153 Drivers/STM32G4xx_HAL_Driver/Src/stm32g4xx_hal_tim_ex.o
 .debug_info    0x0000000000010004     0x4ae9 Middlewares/Third_Party/FreeRTOS/Source/CMSIS_RTOS_V2/cmsis_os2.o
 .debug_info    0x0000000000014aed      0xad8 Middlewares/Third_Party/FreeRTOS/Source/list.o
 .debug_info    0x00000000000155c5     0x2d1b Middlewares/Third_Party/FreeRTOS/Source/queue.o
 .debug_info    0x00000000000182e0     0x3498 Middlewares/Third_Party/FreeRTOS/Source/tasks.o
 .debug_info    0x000000000001b778     0x2033 Middlewares/Third_Party/FreeRTOS/Source/timers.o
 .debug_info    0x000000000001d7ab      0x56f Middlewares/Third_Party/FreeRTOS/Source/portable/GCC/ARM_CM4F/port.o
 .debug_info    0x000000000001dd1a      0xc71 Middlewares/Third_Party/FreeRTOS/Source/portable/MemMang/heap_4.o
 .debug_info    0x000000000001e98b      0x9a3 Src/SEVEN_SEGMENTS.o
 .debug_info    0x000000000001f32e      0x3ca Src/SEVEN_SEGMENTS_cfg.o
 .debug_info    0x000000000001f6f8     0x1cc8 Src/main.o
 .debug_info    0x00000000000213c0     0x1136 Src/stm32g4xx_hal_msp.o
 .debug_info    0x00000000000224f6      0xf13 Src/stm32g4xx_hal_timebase_tim.o
 .debug_info    0x0000000000023409      0x9b5 Src/stm32g4xx_it.o
 .debug_info    0x0000000000023dbe      0x6b4 Src/system_stm32g4xx.o
 .debug_info    0x0000000000024472       0x22 startup/startup_stm32g431xx.o

.debug_abbrev   0x0000000000000000     0x3a9e
 .debug_abbrev  0x0000000000000000      0x209 Drivers/STM32G4xx_HAL_Driver/Src/stm32g4xx_hal.o
 .debug_abbrev  0x0000000000000209      0x294 Drivers/STM32G4xx_HAL_Driver/Src/stm32g4xx_hal_adc.o
 .debug_abbrev  0x000000000000049d      0x310 Drivers/STM32G4xx_HAL_Driver/Src/stm32g4xx_hal_adc_ex.o
 .debug_abbrev  0x00000000000007ad      0x31d Drivers/STM32G4xx_HAL_Driver/Src/stm32g4xx_hal_cortex.o
 .debug_abbrev  0x0000000000000aca      0x1de Drivers/STM32G4xx_HAL_Driver/Src/stm32g4xx_hal_gpio.o
 .debug_abbrev  0x0000000000000ca8      0x210 Drivers/STM32G4xx_HAL_Driver/Src/stm32g4xx_hal_pwr_ex.o
 .debug_abbrev  0x0000000000000eb8      0x23b Drivers/STM32G4xx_HAL_Driver/Src/stm32g4xx_hal_rcc.o
 .debug_abbrev  0x00000000000010f3      0x234 Drivers/STM32G4xx_HAL_Driver/Src/stm32g4xx_hal_rcc_ex.o
 .debug_abbrev  0x0000000000001327      0x251 Drivers/STM32G4xx_HAL_Driver/Src/stm32g4xx_hal_tim.o
 .debug_abbrev  0x0000000000001578      0x271 Drivers/STM32G4xx_HAL_Driver/Src/stm32g4xx_hal_tim_ex.o
 .debug_abbrev  0x00000000000017e9      0x449 Middlewares/Third_Party/FreeRTOS/Source/CMSIS_RTOS_V2/cmsis_os2.o
 .debug_abbrev  0x0000000000001c32      0x223 Middlewares/Third_Party/FreeRTOS/Source/list.o
 .debug_abbrev  0x0000000000001e55      0x3ae Middlewares/Third_Party/FreeRTOS/Source/queue.o
 .debug_abbrev  0x0000000000002203      0x3a8 Middlewares/Third_Party/FreeRTOS/Source/tasks.o
 .debug_abbrev  0x00000000000025ab      0x353 Middlewares/Third_Party/FreeRTOS/Source/timers.o
 .debug_abbrev  0x00000000000028fe      0x23d Middlewares/Third_Party/FreeRTOS/Source/portable/GCC/ARM_CM4F/port.o
 .debug_abbrev  0x0000000000002b3b      0x318 Middlewares/Third_Party/FreeRTOS/Source/portable/MemMang/heap_4.o
 .debug_abbrev  0x0000000000002e53      0x1a7 Src/SEVEN_SEGMENTS.o
 .debug_abbrev  0x0000000000002ffa      0x100 Src/SEVEN_SEGMENTS_cfg.o
 .debug_abbrev  0x00000000000030fa      0x2d3 Src/main.o
 .debug_abbrev  0x00000000000033cd      0x1ba Src/stm32g4xx_hal_msp.o
 .debug_abbrev  0x0000000000003587      0x21b Src/stm32g4xx_hal_timebase_tim.o
 .debug_abbrev  0x00000000000037a2      0x1a3 Src/stm32g4xx_it.o
 .debug_abbrev  0x0000000000003945      0x147 Src/system_stm32g4xx.o
 .debug_abbrev  0x0000000000003a8c       0x12 startup/startup_stm32g431xx.o

.debug_loc      0x0000000000000000    0x15b29
 .debug_loc     0x0000000000000000      0x22c Drivers/STM32G4xx_HAL_Driver/Src/stm32g4xx_hal.o
 .debug_loc     0x000000000000022c     0x1f40 Drivers/STM32G4xx_HAL_Driver/Src/stm32g4xx_hal_adc.o
 .debug_loc     0x000000000000216c     0x1c5f Drivers/STM32G4xx_HAL_Driver/Src/stm32g4xx_hal_adc_ex.o
 .debug_loc     0x0000000000003dcb      0x5ba Drivers/STM32G4xx_HAL_Driver/Src/stm32g4xx_hal_cortex.o
 .debug_loc     0x0000000000004385      0x29c Drivers/STM32G4xx_HAL_Driver/Src/stm32g4xx_hal_gpio.o
 .debug_loc     0x0000000000004621      0x8bc Drivers/STM32G4xx_HAL_Driver/Src/stm32g4xx_hal_pwr_ex.o
 .debug_loc     0x0000000000004edd      0x652 Drivers/STM32G4xx_HAL_Driver/Src/stm32g4xx_hal_rcc.o
 .debug_loc     0x000000000000552f     0x13de Drivers/STM32G4xx_HAL_Driver/Src/stm32g4xx_hal_rcc_ex.o
 .debug_loc     0x000000000000690d     0x4b6b Drivers/STM32G4xx_HAL_Driver/Src/stm32g4xx_hal_tim.o
 .debug_loc     0x000000000000b478     0x24e3 Drivers/STM32G4xx_HAL_Driver/Src/stm32g4xx_hal_tim_ex.o
 .debug_loc     0x000000000000d95b     0x3ad0 Middlewares/Third_Party/FreeRTOS/Source/CMSIS_RTOS_V2/cmsis_os2.o
 .debug_loc     0x000000000001142b       0x70 Middlewares/Third_Party/FreeRTOS/Source/list.o
 .debug_loc     0x000000000001149b     0x14ef Middlewares/Third_Party/FreeRTOS/Source/queue.o
 .debug_loc     0x000000000001298a     0x1d4d Middlewares/Third_Party/FreeRTOS/Source/tasks.o
 .debug_loc     0x00000000000146d7      0xc88 Middlewares/Third_Party/FreeRTOS/Source/timers.o
 .debug_loc     0x000000000001535f       0xdc Middlewares/Third_Party/FreeRTOS/Source/portable/GCC/ARM_CM4F/port.o
 .debug_loc     0x000000000001543b      0x291 Middlewares/Third_Party/FreeRTOS/Source/portable/MemMang/heap_4.o
 .debug_loc     0x00000000000156cc      0x1b6 Src/SEVEN_SEGMENTS.o
 .debug_loc     0x0000000000015882      0x13a Src/main.o
 .debug_loc     0x00000000000159bc       0x74 Src/stm32g4xx_hal_msp.o
 .debug_loc     0x0000000000015a30       0x79 Src/stm32g4xx_hal_timebase_tim.o
 .debug_loc     0x0000000000015aa9       0x80 Src/system_stm32g4xx.o

.debug_aranges  0x0000000000000000     0x15e8
 .debug_aranges
                0x0000000000000000      0x130 Drivers/STM32G4xx_HAL_Driver/Src/stm32g4xx_hal.o
 .debug_aranges
                0x0000000000000130      0x108 Drivers/STM32G4xx_HAL_Driver/Src/stm32g4xx_hal_adc.o
 .debug_aranges
                0x0000000000000238       0xf0 Drivers/STM32G4xx_HAL_Driver/Src/stm32g4xx_hal_adc_ex.o
 .debug_aranges
                0x0000000000000328       0xa8 Drivers/STM32G4xx_HAL_Driver/Src/stm32g4xx_hal_cortex.o
 .debug_aranges
                0x00000000000003d0       0x58 Drivers/STM32G4xx_HAL_Driver/Src/stm32g4xx_hal_gpio.o
 .debug_aranges
                0x0000000000000428      0x140 Drivers/STM32G4xx_HAL_Driver/Src/stm32g4xx_hal_pwr_ex.o
 .debug_aranges
                0x0000000000000568       0x98 Drivers/STM32G4xx_HAL_Driver/Src/stm32g4xx_hal_rcc.o
 .debug_aranges
                0x0000000000000600       0xb0 Drivers/STM32G4xx_HAL_Driver/Src/stm32g4xx_hal_rcc_ex.o
 .debug_aranges
                0x00000000000006b0      0x3e0 Drivers/STM32G4xx_HAL_Driver/Src/stm32g4xx_hal_tim.o
 .debug_aranges
                0x0000000000000a90      0x240 Drivers/STM32G4xx_HAL_Driver/Src/stm32g4xx_hal_tim_ex.o
 .debug_aranges
                0x0000000000000cd0      0x220 Middlewares/Third_Party/FreeRTOS/Source/CMSIS_RTOS_V2/cmsis_os2.o
 .debug_aranges
                0x0000000000000ef0       0x40 Middlewares/Third_Party/FreeRTOS/Source/list.o
 .debug_aranges
                0x0000000000000f30      0x158 Middlewares/Third_Party/FreeRTOS/Source/queue.o
 .debug_aranges
                0x0000000000001088      0x1f8 Middlewares/Third_Party/FreeRTOS/Source/tasks.o
 .debug_aranges
                0x0000000000001280       0xe8 Middlewares/Third_Party/FreeRTOS/Source/timers.o
 .debug_aranges
                0x0000000000001368       0x80 Middlewares/Third_Party/FreeRTOS/Source/portable/GCC/ARM_CM4F/port.o
 .debug_aranges
                0x00000000000013e8       0x50 Middlewares/Third_Party/FreeRTOS/Source/portable/MemMang/heap_4.o
 .debug_aranges
                0x0000000000001438       0x40 Src/SEVEN_SEGMENTS.o
 .debug_aranges
                0x0000000000001478       0x18 Src/SEVEN_SEGMENTS_cfg.o
 .debug_aranges
                0x0000000000001490       0x58 Src/main.o
 .debug_aranges
                0x00000000000014e8       0x30 Src/stm32g4xx_hal_msp.o
 .debug_aranges
                0x0000000000001518       0x30 Src/stm32g4xx_hal_timebase_tim.o
 .debug_aranges
                0x0000000000001548       0x50 Src/stm32g4xx_it.o
 .debug_aranges
                0x0000000000001598       0x28 Src/system_stm32g4xx.o
 .debug_aranges
                0x00000000000015c0       0x28 startup/startup_stm32g431xx.o

.debug_ranges   0x0000000000000000     0x19e0
 .debug_ranges  0x0000000000000000      0x120 Drivers/STM32G4xx_HAL_Driver/Src/stm32g4xx_hal.o
 .debug_ranges  0x0000000000000120      0x278 Drivers/STM32G4xx_HAL_Driver/Src/stm32g4xx_hal_adc.o
 .debug_ranges  0x0000000000000398      0x290 Drivers/STM32G4xx_HAL_Driver/Src/stm32g4xx_hal_adc_ex.o
 .debug_ranges  0x0000000000000628       0xf8 Drivers/STM32G4xx_HAL_Driver/Src/stm32g4xx_hal_cortex.o
 .debug_ranges  0x0000000000000720       0x48 Drivers/STM32G4xx_HAL_Driver/Src/stm32g4xx_hal_gpio.o
 .debug_ranges  0x0000000000000768      0x130 Drivers/STM32G4xx_HAL_Driver/Src/stm32g4xx_hal_pwr_ex.o
 .debug_ranges  0x0000000000000898       0xa0 Drivers/STM32G4xx_HAL_Driver/Src/stm32g4xx_hal_rcc.o
 .debug_ranges  0x0000000000000938       0xb8 Drivers/STM32G4xx_HAL_Driver/Src/stm32g4xx_hal_rcc_ex.o
 .debug_ranges  0x00000000000009f0      0x3d0 Drivers/STM32G4xx_HAL_Driver/Src/stm32g4xx_hal_tim.o
 .debug_ranges  0x0000000000000dc0      0x230 Drivers/STM32G4xx_HAL_Driver/Src/stm32g4xx_hal_tim_ex.o
 .debug_ranges  0x0000000000000ff0      0x210 Middlewares/Third_Party/FreeRTOS/Source/CMSIS_RTOS_V2/cmsis_os2.o
 .debug_ranges  0x0000000000001200       0x30 Middlewares/Third_Party/FreeRTOS/Source/list.o
 .debug_ranges  0x0000000000001230      0x228 Middlewares/Third_Party/FreeRTOS/Source/queue.o
 .debug_ranges  0x0000000000001458      0x2d0 Middlewares/Third_Party/FreeRTOS/Source/tasks.o
 .debug_ranges  0x0000000000001728       0xd8 Middlewares/Third_Party/FreeRTOS/Source/timers.o
 .debug_ranges  0x0000000000001800       0x70 Middlewares/Third_Party/FreeRTOS/Source/portable/GCC/ARM_CM4F/port.o
 .debug_ranges  0x0000000000001870       0x40 Middlewares/Third_Party/FreeRTOS/Source/portable/MemMang/heap_4.o
 .debug_ranges  0x00000000000018b0       0x30 Src/SEVEN_SEGMENTS.o
 .debug_ranges  0x00000000000018e0       0x48 Src/main.o
 .debug_ranges  0x0000000000001928       0x20 Src/stm32g4xx_hal_msp.o
 .debug_ranges  0x0000000000001948       0x20 Src/stm32g4xx_hal_timebase_tim.o
 .debug_ranges  0x0000000000001968       0x40 Src/stm32g4xx_it.o
 .debug_ranges  0x00000000000019a8       0x18 Src/system_stm32g4xx.o
 .debug_ranges  0x00000000000019c0       0x20 startup/startup_stm32g431xx.o

.debug_macro    0x0000000000000000    0x21894
 .debug_macro   0x0000000000000000      0x22b Drivers/STM32G4xx_HAL_Driver/Src/stm32g4xx_hal.o
 .debug_macro   0x000000000000022b      0xa54 Drivers/STM32G4xx_HAL_Driver/Src/stm32g4xx_hal.o
 .debug_macro   0x0000000000000c7f      0x15b Drivers/STM32G4xx_HAL_Driver/Src/stm32g4xx_hal.o
 .debug_macro   0x0000000000000dda       0x2e Drivers/STM32G4xx_HAL_Driver/Src/stm32g4xx_hal.o
 .debug_macro   0x0000000000000e08       0x28 Drivers/STM32G4xx_HAL_Driver/Src/stm32g4xx_hal.o
 .debug_macro   0x0000000000000e30       0x22 Drivers/STM32G4xx_HAL_Driver/Src/stm32g4xx_hal.o
 .debug_macro   0x0000000000000e52       0x8e Drivers/STM32G4xx_HAL_Driver/Src/stm32g4xx_hal.o
 .debug_macro   0x0000000000000ee0       0x51 Drivers/STM32G4xx_HAL_Driver/Src/stm32g4xx_hal.o
 .debug_macro   0x0000000000000f31       0xef Drivers/STM32G4xx_HAL_Driver/Src/stm32g4xx_hal.o
 .debug_macro   0x0000000000001020       0x6a Drivers/STM32G4xx_HAL_Driver/Src/stm32g4xx_hal.o
 .debug_macro   0x000000000000108a      0x1df Drivers/STM32G4xx_HAL_Driver/Src/stm32g4xx_hal.o
 .debug_macro   0x0000000000001269       0x1c Drivers/STM32G4xx_HAL_Driver/Src/stm32g4xx_hal.o
 .debug_macro   0x0000000000001285       0x22 Drivers/STM32G4xx_HAL_Driver/Src/stm32g4xx_hal.o
 .debug_macro   0x00000000000012a7       0xdf Drivers/STM32G4xx_HAL_Driver/Src/stm32g4xx_hal.o
 .debug_macro   0x0000000000001386     0x102d Drivers/STM32G4xx_HAL_Driver/Src/stm32g4xx_hal.o
 .debug_macro   0x00000000000023b3      0x11f Drivers/STM32G4xx_HAL_Driver/Src/stm32g4xx_hal.o
 .debug_macro   0x00000000000024d2    0x113a4 Drivers/STM32G4xx_HAL_Driver/Src/stm32g4xx_hal.o
 .debug_macro   0x0000000000013876       0x43 Drivers/STM32G4xx_HAL_Driver/Src/stm32g4xx_hal.o
 .debug_macro   0x00000000000138b9     0x34d1 Drivers/STM32G4xx_HAL_Driver/Src/stm32g4xx_hal.o
 .debug_macro   0x0000000000016d8a      0x174 Drivers/STM32G4xx_HAL_Driver/Src/stm32g4xx_hal.o
 .debug_macro   0x0000000000016efe       0x5a Drivers/STM32G4xx_HAL_Driver/Src/stm32g4xx_hal.o
 .debug_macro   0x0000000000016f58     0x13de Drivers/STM32G4xx_HAL_Driver/Src/stm32g4xx_hal.o
 .debug_macro   0x0000000000018336      0x535 Drivers/STM32G4xx_HAL_Driver/Src/stm32g4xx_hal.o
 .debug_macro   0x000000000001886b      0x137 Drivers/STM32G4xx_HAL_Driver/Src/stm32g4xx_hal.o
 .debug_macro   0x00000000000189a2      0x289 Drivers/STM32G4xx_HAL_Driver/Src/stm32g4xx_hal.o
 .debug_macro   0x0000000000018c2b      0x41d Drivers/STM32G4xx_HAL_Driver/Src/stm32g4xx_hal.o
 .debug_macro   0x0000000000019048      0x18b Drivers/STM32G4xx_HAL_Driver/Src/stm32g4xx_hal.o
 .debug_macro   0x00000000000191d3       0x43 Drivers/STM32G4xx_HAL_Driver/Src/stm32g4xx_hal.o
 .debug_macro   0x0000000000019216      0x23d Drivers/STM32G4xx_HAL_Driver/Src/stm32g4xx_hal.o
 .debug_macro   0x0000000000019453     0x10fd Drivers/STM32G4xx_HAL_Driver/Src/stm32g4xx_hal.o
 .debug_macro   0x000000000001a550      0x72e Drivers/STM32G4xx_HAL_Driver/Src/stm32g4xx_hal.o
 .debug_macro   0x000000000001ac7e      0x391 Drivers/STM32G4xx_HAL_Driver/Src/stm32g4xx_hal.o
 .debug_macro   0x000000000001b00f      0x212 Drivers/STM32G4xx_HAL_Driver/Src/stm32g4xx_hal.o
 .debug_macro   0x000000000001b221      0x401 Drivers/STM32G4xx_HAL_Driver/Src/stm32g4xx_hal.o
 .debug_macro   0x000000000001b622      0x107 Drivers/STM32G4xx_HAL_Driver/Src/stm32g4xx_hal.o
 .debug_macro   0x000000000001b729      0x122 Drivers/STM32G4xx_HAL_Driver/Src/stm32g4xx_hal.o
 .debug_macro   0x000000000001b84b      0x3d1 Drivers/STM32G4xx_HAL_Driver/Src/stm32g4xx_hal.o
 .debug_macro   0x000000000001bc1c      0xbbe Drivers/STM32G4xx_HAL_Driver/Src/stm32g4xx_hal.o
 .debug_macro   0x000000000001c7da      0x47e Drivers/STM32G4xx_HAL_Driver/Src/stm32g4xx_hal.o
 .debug_macro   0x000000000001cc58      0x307 Drivers/STM32G4xx_HAL_Driver/Src/stm32g4xx_hal.o
 .debug_macro   0x000000000001cf5f      0x1fa Drivers/STM32G4xx_HAL_Driver/Src/stm32g4xx_hal_adc.o
 .debug_macro   0x000000000001d159      0x1e9 Drivers/STM32G4xx_HAL_Driver/Src/stm32g4xx_hal_adc_ex.o
 .debug_macro   0x000000000001d342      0x1dd Drivers/STM32G4xx_HAL_Driver/Src/stm32g4xx_hal_cortex.o
 .debug_macro   0x000000000001d51f      0x215 Drivers/STM32G4xx_HAL_Driver/Src/stm32g4xx_hal_gpio.o
 .debug_macro   0x000000000001d734      0x207 Drivers/STM32G4xx_HAL_Driver/Src/stm32g4xx_hal_pwr_ex.o
 .debug_macro   0x000000000001d93b      0x219 Drivers/STM32G4xx_HAL_Driver/Src/stm32g4xx_hal_rcc.o
 .debug_macro   0x000000000001db54      0x207 Drivers/STM32G4xx_HAL_Driver/Src/stm32g4xx_hal_rcc_ex.o
 .debug_macro   0x000000000001dd5b      0x1e5 Drivers/STM32G4xx_HAL_Driver/Src/stm32g4xx_hal_tim.o
 .debug_macro   0x000000000001df40      0x1e3 Drivers/STM32G4xx_HAL_Driver/Src/stm32g4xx_hal_tim_ex.o
 .debug_macro   0x000000000001e123      0x235 Middlewares/Third_Party/FreeRTOS/Source/CMSIS_RTOS_V2/cmsis_os2.o
 .debug_macro   0x000000000001e358       0x58 Middlewares/Third_Party/FreeRTOS/Source/CMSIS_RTOS_V2/cmsis_os2.o
 .debug_macro   0x000000000001e3b0       0x18 Middlewares/Third_Party/FreeRTOS/Source/CMSIS_RTOS_V2/cmsis_os2.o
 .debug_macro   0x000000000001e3c8       0x94 Middlewares/Third_Party/FreeRTOS/Source/CMSIS_RTOS_V2/cmsis_os2.o
 .debug_macro   0x000000000001e45c       0x35 Middlewares/Third_Party/FreeRTOS/Source/CMSIS_RTOS_V2/cmsis_os2.o
 .debug_macro   0x000000000001e491       0x34 Middlewares/Third_Party/FreeRTOS/Source/CMSIS_RTOS_V2/cmsis_os2.o
 .debug_macro   0x000000000001e4c5       0x57 Middlewares/Third_Party/FreeRTOS/Source/CMSIS_RTOS_V2/cmsis_os2.o
 .debug_macro   0x000000000001e51c       0x58 Middlewares/Third_Party/FreeRTOS/Source/CMSIS_RTOS_V2/cmsis_os2.o
 .debug_macro   0x000000000001e574       0x1f Middlewares/Third_Party/FreeRTOS/Source/CMSIS_RTOS_V2/cmsis_os2.o
 .debug_macro   0x000000000001e593       0x43 Middlewares/Third_Party/FreeRTOS/Source/CMSIS_RTOS_V2/cmsis_os2.o
 .debug_macro   0x000000000001e5d6       0x20 Middlewares/Third_Party/FreeRTOS/Source/CMSIS_RTOS_V2/cmsis_os2.o
 .debug_macro   0x000000000001e5f6      0x18e Middlewares/Third_Party/FreeRTOS/Source/CMSIS_RTOS_V2/cmsis_os2.o
 .debug_macro   0x000000000001e784      0x330 Middlewares/Third_Party/FreeRTOS/Source/CMSIS_RTOS_V2/cmsis_os2.o
 .debug_macro   0x000000000001eab4       0x10 Middlewares/Third_Party/FreeRTOS/Source/CMSIS_RTOS_V2/cmsis_os2.o
 .debug_macro   0x000000000001eac4       0x35 Middlewares/Third_Party/FreeRTOS/Source/CMSIS_RTOS_V2/cmsis_os2.o
 .debug_macro   0x000000000001eaf9       0x10 Middlewares/Third_Party/FreeRTOS/Source/CMSIS_RTOS_V2/cmsis_os2.o
 .debug_macro   0x000000000001eb09       0x74 Middlewares/Third_Party/FreeRTOS/Source/CMSIS_RTOS_V2/cmsis_os2.o
 .debug_macro   0x000000000001eb7d       0xd3 Middlewares/Third_Party/FreeRTOS/Source/CMSIS_RTOS_V2/cmsis_os2.o
 .debug_macro   0x000000000001ec50      0x137 Middlewares/Third_Party/FreeRTOS/Source/CMSIS_RTOS_V2/cmsis_os2.o
 .debug_macro   0x000000000001ed87      0x15a Middlewares/Third_Party/FreeRTOS/Source/CMSIS_RTOS_V2/cmsis_os2.o
 .debug_macro   0x000000000001eee1       0xc9 Middlewares/Third_Party/FreeRTOS/Source/CMSIS_RTOS_V2/cmsis_os2.o
 .debug_macro   0x000000000001efaa       0x1c Middlewares/Third_Party/FreeRTOS/Source/CMSIS_RTOS_V2/cmsis_os2.o
 .debug_macro   0x000000000001efc6       0x26 Middlewares/Third_Party/FreeRTOS/Source/CMSIS_RTOS_V2/cmsis_os2.o
 .debug_macro   0x000000000001efec      0x4b0 Middlewares/Third_Party/FreeRTOS/Source/CMSIS_RTOS_V2/cmsis_os2.o
 .debug_macro   0x000000000001f49c       0xb5 Middlewares/Third_Party/FreeRTOS/Source/CMSIS_RTOS_V2/cmsis_os2.o
 .debug_macro   0x000000000001f551       0xaa Middlewares/Third_Party/FreeRTOS/Source/CMSIS_RTOS_V2/cmsis_os2.o
 .debug_macro   0x000000000001f5fb       0x91 Middlewares/Third_Party/FreeRTOS/Source/CMSIS_RTOS_V2/cmsis_os2.o
 .debug_macro   0x000000000001f68c       0x8d Middlewares/Third_Party/FreeRTOS/Source/CMSIS_RTOS_V2/cmsis_os2.o
 .debug_macro   0x000000000001f719       0x9a Middlewares/Third_Party/FreeRTOS/Source/CMSIS_RTOS_V2/cmsis_os2.o
 .debug_macro   0x000000000001f7b3      0x17a Middlewares/Third_Party/FreeRTOS/Source/list.o
 .debug_macro   0x000000000001f92d      0x204 Middlewares/Third_Party/FreeRTOS/Source/queue.o
 .debug_macro   0x000000000001fb31       0x16 Middlewares/Third_Party/FreeRTOS/Source/queue.o
 .debug_macro   0x000000000001fb47       0x87 Middlewares/Third_Party/FreeRTOS/Source/queue.o
 .debug_macro   0x000000000001fbce      0x26d Middlewares/Third_Party/FreeRTOS/Source/tasks.o
 .debug_macro   0x000000000001fe3b       0x10 Middlewares/Third_Party/FreeRTOS/Source/tasks.o
 .debug_macro   0x000000000001fe4b      0x1cf Middlewares/Third_Party/FreeRTOS/Source/timers.o
 .debug_macro   0x000000000002001a       0x97 Middlewares/Third_Party/FreeRTOS/Source/timers.o
 .debug_macro   0x00000000000200b1      0x196 Middlewares/Third_Party/FreeRTOS/Source/portable/GCC/ARM_CM4F/port.o
 .debug_macro   0x0000000000020247      0x1a1 Middlewares/Third_Party/FreeRTOS/Source/portable/MemMang/heap_4.o
 .debug_macro   0x00000000000203e8      0x20b Src/SEVEN_SEGMENTS.o
 .debug_macro   0x00000000000205f3       0x10 Src/SEVEN_SEGMENTS.o
 .debug_macro   0x0000000000020603       0x10 Src/SEVEN_SEGMENTS.o
 .debug_macro   0x0000000000020613      0x203 Src/SEVEN_SEGMENTS_cfg.o
 .debug_macro   0x0000000000020816      0x20e Src/SEVEN_SEGMENTS_cfg.o
 .debug_macro   0x0000000000020a24       0xc4 Src/SEVEN_SEGMENTS_cfg.o
 .debug_macro   0x0000000000020ae8      0x2fa Src/main.o
 .debug_macro   0x0000000000020de2      0x137 Src/main.o
 .debug_macro   0x0000000000020f19       0x66 Src/main.o
 .debug_macro   0x0000000000020f7f       0xdd Src/main.o
 .debug_macro   0x000000000002105c       0x1c Src/main.o
 .debug_macro   0x0000000000021078      0x1f5 Src/stm32g4xx_hal_msp.o
 .debug_macro   0x000000000002126d      0x1dd Src/stm32g4xx_hal_timebase_tim.o
 .debug_macro   0x000000000002144a      0x267 Src/stm32g4xx_it.o
 .debug_macro   0x00000000000216b1      0x1e3 Src/system_stm32g4xx.o

.debug_line     0x0000000000000000    0x12450
 .debug_line    0x0000000000000000      0x966 Drivers/STM32G4xx_HAL_Driver/Src/stm32g4xx_hal.o
 .debug_line    0x0000000000000966     0x1305 Drivers/STM32G4xx_HAL_Driver/Src/stm32g4xx_hal_adc.o
 .debug_line    0x0000000000001c6b     0x113d Drivers/STM32G4xx_HAL_Driver/Src/stm32g4xx_hal_adc_ex.o
 .debug_line    0x0000000000002da8      0x90e Drivers/STM32G4xx_HAL_Driver/Src/stm32g4xx_hal_cortex.o
 .debug_line    0x00000000000036b6      0x828 Drivers/STM32G4xx_HAL_Driver/Src/stm32g4xx_hal_gpio.o
 .debug_line    0x0000000000003ede      0xb04 Drivers/STM32G4xx_HAL_Driver/Src/stm32g4xx_hal_pwr_ex.o
 .debug_line    0x00000000000049e2      0x9de Drivers/STM32G4xx_HAL_Driver/Src/stm32g4xx_hal_rcc.o
 .debug_line    0x00000000000053c0      0xbc0 Drivers/STM32G4xx_HAL_Driver/Src/stm32g4xx_hal_rcc_ex.o
 .debug_line    0x0000000000005f80     0x2692 Drivers/STM32G4xx_HAL_Driver/Src/stm32g4xx_hal_tim.o
 .debug_line    0x0000000000008612     0x167b Drivers/STM32G4xx_HAL_Driver/Src/stm32g4xx_hal_tim_ex.o
 .debug_line    0x0000000000009c8d     0x18c9 Middlewares/Third_Party/FreeRTOS/Source/CMSIS_RTOS_V2/cmsis_os2.o
 .debug_line    0x000000000000b556      0x55b Middlewares/Third_Party/FreeRTOS/Source/list.o
 .debug_line    0x000000000000bab1      0xd77 Middlewares/Third_Party/FreeRTOS/Source/queue.o
 .debug_line    0x000000000000c828     0x1190 Middlewares/Third_Party/FreeRTOS/Source/tasks.o
 .debug_line    0x000000000000d9b8      0x87a Middlewares/Third_Party/FreeRTOS/Source/timers.o
 .debug_line    0x000000000000e232      0x612 Middlewares/Third_Party/FreeRTOS/Source/portable/GCC/ARM_CM4F/port.o
 .debug_line    0x000000000000e844      0x610 Middlewares/Third_Party/FreeRTOS/Source/portable/MemMang/heap_4.o
 .debug_line    0x000000000000ee54      0x7eb Src/SEVEN_SEGMENTS.o
 .debug_line    0x000000000000f63f      0x6d3 Src/SEVEN_SEGMENTS_cfg.o
 .debug_line    0x000000000000fd12      0x97d Src/main.o
 .debug_line    0x000000000001068f      0x713 Src/stm32g4xx_hal_msp.o
 .debug_line    0x0000000000010da2      0x6e9 Src/stm32g4xx_hal_timebase_tim.o
 .debug_line    0x000000000001148b      0x86c Src/stm32g4xx_it.o
 .debug_line    0x0000000000011cf7      0x6d7 Src/system_stm32g4xx.o
 .debug_line    0x00000000000123ce       0x82 startup/startup_stm32g431xx.o

.debug_str      0x0000000000000000    0xdead6
 .debug_str     0x0000000000000000    0xcbbc0 Drivers/STM32G4xx_HAL_Driver/Src/stm32g4xx_hal.o
                                      0xcc293 (size before relaxing)
 .debug_str     0x00000000000cbbc0      0xff6 Drivers/STM32G4xx_HAL_Driver/Src/stm32g4xx_hal_adc.o
                                      0xcc7a3 (size before relaxing)
 .debug_str     0x00000000000ccbb6      0x6bc Drivers/STM32G4xx_HAL_Driver/Src/stm32g4xx_hal_adc_ex.o
                                      0xcc6ee (size before relaxing)
 .debug_str     0x00000000000cd272      0x3a1 Drivers/STM32G4xx_HAL_Driver/Src/stm32g4xx_hal_cortex.o
                                      0xcbf55 (size before relaxing)
 .debug_str     0x00000000000cd613      0x2a7 Drivers/STM32G4xx_HAL_Driver/Src/stm32g4xx_hal_gpio.o
                                      0xcb9fd (size before relaxing)
 .debug_str     0x00000000000cd8ba      0x4d5 Drivers/STM32G4xx_HAL_Driver/Src/stm32g4xx_hal_pwr_ex.o
                                      0xcbc87 (size before relaxing)
 .debug_str     0x00000000000cdd8f      0x4e5 Drivers/STM32G4xx_HAL_Driver/Src/stm32g4xx_hal_rcc.o
                                      0xcbd30 (size before relaxing)
 .debug_str     0x00000000000ce274      0x59b Drivers/STM32G4xx_HAL_Driver/Src/stm32g4xx_hal_rcc_ex.o
                                      0xcbeb1 (size before relaxing)
 .debug_str     0x00000000000ce80f     0x1245 Drivers/STM32G4xx_HAL_Driver/Src/stm32g4xx_hal_tim.o
                                      0xccc38 (size before relaxing)
 .debug_str     0x00000000000cfa54      0x9b9 Drivers/STM32G4xx_HAL_Driver/Src/stm32g4xx_hal_tim_ex.o
                                      0xcc8ca (size before relaxing)
 .debug_str     0x00000000000d040d     0x9ab2 Middlewares/Third_Party/FreeRTOS/Source/CMSIS_RTOS_V2/cmsis_os2.o
                                       0xe406 (size before relaxing)
 .debug_str     0x00000000000d9ebf      0x219 Middlewares/Third_Party/FreeRTOS/Source/list.o
                                       0xa27a (size before relaxing)
 .debug_str     0x00000000000da0d8      0x89d Middlewares/Third_Party/FreeRTOS/Source/queue.o
                                       0xbd5d (size before relaxing)
 .debug_str     0x00000000000da975     0x1025 Middlewares/Third_Party/FreeRTOS/Source/tasks.o
                                       0xc7de (size before relaxing)
 .debug_str     0x00000000000db99a      0x59a Middlewares/Third_Party/FreeRTOS/Source/timers.o
                                       0xc2ce (size before relaxing)
 .debug_str     0x00000000000dbf34      0x783 Middlewares/Third_Party/FreeRTOS/Source/portable/GCC/ARM_CM4F/port.o
                                       0x843a (size before relaxing)
 .debug_str     0x00000000000dc6b7      0x23a Middlewares/Third_Party/FreeRTOS/Source/portable/MemMang/heap_4.o
                                       0xaa8c (size before relaxing)
 .debug_str     0x00000000000dc8f1      0x179 Src/SEVEN_SEGMENTS.o
                                      0xcb8f9 (size before relaxing)
 .debug_str     0x00000000000dca6a      0xece Src/SEVEN_SEGMENTS_cfg.o
                                      0xcc4ff (size before relaxing)
 .debug_str     0x00000000000dd938     0x1011 Src/main.o
                                      0xd2655 (size before relaxing)
 .debug_str     0x00000000000de949       0x1b Src/stm32g4xx_hal_msp.o
                                      0xcd089 (size before relaxing)
 .debug_str     0x00000000000de964       0x50 Src/stm32g4xx_hal_timebase_tim.o
                                      0xcc290 (size before relaxing)
 .debug_str     0x00000000000de9b4       0xa1 Src/stm32g4xx_it.o
                                      0xd0708 (size before relaxing)
 .debug_str     0x00000000000dea55       0x52 Src/system_stm32g4xx.o
                                      0xcb78b (size before relaxing)
 .debug_str     0x00000000000deaa7       0x2f startup/startup_stm32g431xx.o
                                         0x4d (size before relaxing)

.comment        0x0000000000000000       0x7f
 .comment       0x0000000000000000       0x7f Drivers/STM32G4xx_HAL_Driver/Src/stm32g4xx_hal.o
                                         0x80 (size before relaxing)
 .comment       0x000000000000007f       0x80 Drivers/STM32G4xx_HAL_Driver/Src/stm32g4xx_hal_adc.o
 .comment       0x000000000000007f       0x80 Drivers/STM32G4xx_HAL_Driver/Src/stm32g4xx_hal_adc_ex.o
 .comment       0x000000000000007f       0x80 Drivers/STM32G4xx_HAL_Driver/Src/stm32g4xx_hal_cortex.o
 .comment       0x000000000000007f       0x80 Drivers/STM32G4xx_HAL_Driver/Src/stm32g4xx_hal_gpio.o
 .comment       0x000000000000007f       0x80 Drivers/STM32G4xx_HAL_Driver/Src/stm32g4xx_hal_pwr_ex.o
 .comment       0x000000000000007f       0x80 Drivers/STM32G4xx_HAL_Driver/Src/stm32g4xx_hal_rcc.o
 .comment       0x000000000000007f       0x80 Drivers/STM32G4xx_HAL_Driver/Src/stm32g4xx_hal_rcc_ex.o
 .comment       0x000000000000007f       0x80 Drivers/STM32G4xx_HAL_Driver/Src/stm32g4xx_hal_tim.o
 .comment       0x000000000000007f       0x80 Drivers/STM32G4xx_HAL_Driver/Src/stm32g4xx_hal_tim_ex.o
 .comment       0x000000000000007f       0x80 Middlewares/Third_Party/FreeRTOS/Source/CMSIS_RTOS_V2/cmsis_os2.o
 .comment       0x000000000000007f       0x80 Middlewares/Third_Party/FreeRTOS/Source/list.o
 .comment       0x000000000000007f       0x80 Middlewares/Third_Party/FreeRTOS/Source/queue.o
 .comment       0x000000000000007f       0x80 Middlewares/Third_Party/FreeRTOS/Source/tasks.o
 .comment       0x000000000000007f       0x80 Middlewares/Third_Party/FreeRTOS/Source/timers.o
 .comment       0x000000000000007f       0x80 Middlewares/Third_Party/FreeRTOS/Source/portable/GCC/ARM_CM4F/port.o
 .comment       0x000000000000007f       0x80 Middlewares/Third_Party/FreeRTOS/Source/portable/MemMang/heap_4.o
 .comment       0x000000000000007f       0x80 Src/SEVEN_SEGMENTS.o
 .comment       0x000000000000007f       0x80 Src/SEVEN_SEGMENTS_cfg.o
 .comment       0x000000000000007f       0x80 Src/main.o
 .comment       0x000000000000007f       0x80 Src/stm32g4xx_hal_msp.o
 .comment       0x000000000000007f       0x80 Src/stm32g4xx_hal_timebase_tim.o
 .comment       0x000000000000007f       0x80 Src/stm32g4xx_it.o
 .comment       0x000000000000007f       0x80 Src/system_stm32g4xx.o

.debug_frame    0x0000000000000000     0x3cac
 .debug_frame   0x0000000000000000      0x274 Drivers/STM32G4xx_HAL_Driver/Src/stm32g4xx_hal.o
 .debug_frame   0x0000000000000274      0x304 Drivers/STM32G4xx_HAL_Driver/Src/stm32g4xx_hal_adc.o
 .debug_frame   0x0000000000000578      0x2cc Drivers/STM32G4xx_HAL_Driver/Src/stm32g4xx_hal_adc_ex.o
 .debug_frame   0x0000000000000844      0x15c Drivers/STM32G4xx_HAL_Driver/Src/stm32g4xx_hal_cortex.o
 .debug_frame   0x00000000000009a0       0xd0 Drivers/STM32G4xx_HAL_Driver/Src/stm32g4xx_hal_gpio.o
 .debug_frame   0x0000000000000a70      0x268 Drivers/STM32G4xx_HAL_Driver/Src/stm32g4xx_hal_pwr_ex.o
 .debug_frame   0x0000000000000cd8      0x198 Drivers/STM32G4xx_HAL_Driver/Src/stm32g4xx_hal_rcc.o
 .debug_frame   0x0000000000000e70      0x1a0 Drivers/STM32G4xx_HAL_Driver/Src/stm32g4xx_hal_rcc_ex.o
 .debug_frame   0x0000000000001010      0xbc0 Drivers/STM32G4xx_HAL_Driver/Src/stm32g4xx_hal_tim.o
 .debug_frame   0x0000000000001bd0      0x684 Drivers/STM32G4xx_HAL_Driver/Src/stm32g4xx_hal_tim_ex.o
 .debug_frame   0x0000000000002254      0x780 Middlewares/Third_Party/FreeRTOS/Source/CMSIS_RTOS_V2/cmsis_os2.o
 .debug_frame   0x00000000000029d4       0x6c Middlewares/Third_Party/FreeRTOS/Source/list.o
 .debug_frame   0x0000000000002a40      0x434 Middlewares/Third_Party/FreeRTOS/Source/queue.o
 .debug_frame   0x0000000000002e74      0x648 Middlewares/Third_Party/FreeRTOS/Source/tasks.o
 .debug_frame   0x00000000000034bc      0x2e4 Middlewares/Third_Party/FreeRTOS/Source/timers.o
 .debug_frame   0x00000000000037a0      0x100 Middlewares/Third_Party/FreeRTOS/Source/portable/GCC/ARM_CM4F/port.o
 .debug_frame   0x00000000000038a0       0xac Middlewares/Third_Party/FreeRTOS/Source/portable/MemMang/heap_4.o
 .debug_frame   0x000000000000394c       0x94 Src/SEVEN_SEGMENTS.o
 .debug_frame   0x00000000000039e0       0xec Src/main.o
 .debug_frame   0x0000000000003acc       0x64 Src/stm32g4xx_hal_msp.o
 .debug_frame   0x0000000000003b30       0x50 Src/stm32g4xx_hal_timebase_tim.o
 .debug_frame   0x0000000000003b80       0x88 Src/stm32g4xx_it.o
 .debug_frame   0x0000000000003c08       0x30 Src/system_stm32g4xx.o
 .debug_frame   0x0000000000003c38       0x2c /home/evan/Ac6/SystemWorkbench/plugins/fr.ac6.mcu.externaltools.arm-none.linux64_1.17.0.201812190825/tools/compiler/bin/../lib/gcc/arm-none-eabi/7.3.1/../../../../arm-none-eabi/lib/thumb/v7e-m/fpv4-sp/hard/libc_nano.a(lib_a-init.o)
 .debug_frame   0x0000000000003c64       0x28 /home/evan/Ac6/SystemWorkbench/plugins/fr.ac6.mcu.externaltools.arm-none.linux64_1.17.0.201812190825/tools/compiler/bin/../lib/gcc/arm-none-eabi/7.3.1/../../../../arm-none-eabi/lib/thumb/v7e-m/fpv4-sp/hard/libc_nano.a(lib_a-memcpy-stub.o)
 .debug_frame   0x0000000000003c8c       0x20 /home/evan/Ac6/SystemWorkbench/plugins/fr.ac6.mcu.externaltools.arm-none.linux64_1.17.0.201812190825/tools/compiler/bin/../lib/gcc/arm-none-eabi/7.3.1/../../../../arm-none-eabi/lib/thumb/v7e-m/fpv4-sp/hard/libc_nano.a(lib_a-memset.o)
